Component: ARM Compiler 5.06 update 6 (build 750) Tool: armlink [4d35ed]

==============================================================================

Section Cross References

    startup_stm32l432xx.o(STACK) refers (Special) to heapauxi.o(.text) for __use_two_region_memory
    startup_stm32l432xx.o(HEAP) refers (Special) to heapauxi.o(.text) for __use_two_region_memory
    startup_stm32l432xx.o(RESET) refers (Special) to heapauxi.o(.text) for __use_two_region_memory
    startup_stm32l432xx.o(RESET) refers to startup_stm32l432xx.o(STACK) for __initial_sp
    startup_stm32l432xx.o(RESET) refers to startup_stm32l432xx.o(.text) for Reset_Handler
    startup_stm32l432xx.o(RESET) refers to stm32l4xx_it.o(i.NMI_Handler) for NMI_Handler
    startup_stm32l432xx.o(RESET) refers to stm32l4xx_it.o(i.HardFault_Handler) for HardFault_Handler
    startup_stm32l432xx.o(RESET) refers to stm32l4xx_it.o(i.MemManage_Handler) for MemManage_Handler
    startup_stm32l432xx.o(RESET) refers to stm32l4xx_it.o(i.BusFault_Handler) for BusFault_Handler
    startup_stm32l432xx.o(RESET) refers to stm32l4xx_it.o(i.UsageFault_Handler) for UsageFault_Handler
    startup_stm32l432xx.o(RESET) refers to port.o(.emb_text) for SVC_Handler
    startup_stm32l432xx.o(RESET) refers to stm32l4xx_it.o(i.DebugMon_Handler) for DebugMon_Handler
    startup_stm32l432xx.o(RESET) refers to stm32l4xx_it.o(i.SysTick_Handler) for SysTick_Handler
    startup_stm32l432xx.o(RESET) refers to stm32l4xx_it.o(i.ADC1_IRQHandler) for ADC1_IRQHandler
    startup_stm32l432xx.o(RESET) refers to stm32l4xx_it.o(i.USART1_IRQHandler) for USART1_IRQHandler
    startup_stm32l432xx.o(RESET) refers to stm32l4xx_it.o(i.USART2_IRQHandler) for USART2_IRQHandler
    startup_stm32l432xx.o(RESET) refers to stm32l4xx_it.o(i.I2C3_EV_IRQHandler) for I2C3_EV_IRQHandler
    startup_stm32l432xx.o(RESET) refers to stm32l4xx_it.o(i.I2C3_ER_IRQHandler) for I2C3_ER_IRQHandler
    startup_stm32l432xx.o(.text) refers (Special) to heapauxi.o(.text) for __use_two_region_memory
    startup_stm32l432xx.o(.text) refers to system_stm32l4xx.o(i.SystemInit) for SystemInit
    startup_stm32l432xx.o(.text) refers to __main.o(!!!main) for __main
    startup_stm32l432xx.o(.text) refers to startup_stm32l432xx.o(HEAP) for Heap_Mem
    startup_stm32l432xx.o(.text) refers to startup_stm32l432xx.o(STACK) for Stack_Mem
    main.o(i.MX_ADC1_Init) refers to rt_memclr_w.o(.text) for __aeabi_memclr4
    main.o(i.MX_ADC1_Init) refers to stm32l4xx_hal_adc.o(i.HAL_ADC_Init) for HAL_ADC_Init
    main.o(i.MX_ADC1_Init) refers to stm32l4xx_hal_adc.o(i.HAL_ADC_ConfigChannel) for HAL_ADC_ConfigChannel
    main.o(i.MX_ADC1_Init) refers to main.o(.bss) for .bss
    main.o(i.MX_GPIO_Init) refers to rt_memclr_w.o(.text) for __aeabi_memclr4
    main.o(i.MX_GPIO_Init) refers to stm32l4xx_hal_gpio.o(i.HAL_GPIO_WritePin) for HAL_GPIO_WritePin
    main.o(i.MX_GPIO_Init) refers to stm32l4xx_hal_gpio.o(i.HAL_GPIO_Init) for HAL_GPIO_Init
    main.o(i.MX_I2C3_Init) refers to stm32l4xx_hal_i2c.o(i.HAL_I2C_Init) for HAL_I2C_Init
    main.o(i.MX_I2C3_Init) refers to stm32l4xx_hal_i2c_ex.o(i.HAL_I2CEx_ConfigAnalogFilter) for HAL_I2CEx_ConfigAnalogFilter
    main.o(i.MX_I2C3_Init) refers to stm32l4xx_hal_i2c_ex.o(i.HAL_I2CEx_ConfigDigitalFilter) for HAL_I2CEx_ConfigDigitalFilter
    main.o(i.MX_I2C3_Init) refers to main.o(.bss) for .bss
    main.o(i.MX_USART1_UART_Init) refers to stm32l4xx_hal_uart.o(i.HAL_UART_Init) for HAL_UART_Init
    main.o(i.MX_USART1_UART_Init) refers to main.o(.bss) for .bss
    main.o(i.MX_USART2_UART_Init) refers to stm32l4xx_hal_uart.o(i.HAL_UART_Init) for HAL_UART_Init
    main.o(i.MX_USART2_UART_Init) refers to main.o(.bss) for .bss
    main.o(i.StartDefaultTask) refers to stm32l4xx_hal_gpio.o(i.HAL_GPIO_WritePin) for HAL_GPIO_WritePin
    main.o(i.StartDefaultTask) refers to cmsis_os2.o(i.osDelay) for osDelay
    main.o(i.StartDefaultTask) refers to main.o(.data) for .data
    main.o(i.StartDefaultTask) refers to stm32l4xx_it.o(.data) for moisture_perc
    main.o(i.StartTask02) refers to _printf_percent.o(.ARM.Collect$$_printf_percent$$00000000) for _printf_percent
    main.o(i.StartTask02) refers to _printf_f.o(.ARM.Collect$$_printf_percent$$00000003) for _printf_f
    main.o(i.StartTask02) refers to printf1.o(x$fpl$printf1) for _printf_fp_dec
    main.o(i.StartTask02) refers to _printf_d.o(.ARM.Collect$$_printf_percent$$00000009) for _printf_d
    main.o(i.StartTask02) refers to _printf_dec.o(.text) for _printf_int_dec
    main.o(i.StartTask02) refers to stm32l4xx_hal_i2c.o(i.HAL_I2C_Master_Transmit) for HAL_I2C_Master_Transmit
    main.o(i.StartTask02) refers to stm32l4xx_hal_i2c.o(i.HAL_I2C_Master_Receive) for HAL_I2C_Master_Receive
    main.o(i.StartTask02) refers to dflt_clz.o(x$fpl$dfltu) for __aeabi_ui2d
    main.o(i.StartTask02) refers to dmul.o(x$fpl$dmul) for __aeabi_dmul
    main.o(i.StartTask02) refers to d2f.o(x$fpl$d2f) for __aeabi_d2f
[...]
    .bss                                     0x20000860   Section      280  timers.o(.bss)
    xStaticTimerQueue                        0x20000860   Data          80  timers.o(.bss)
    ucStaticTimerQueueStorage                0x200008b0   Data         160  timers.o(.bss)
    xActiveTimerList1                        0x20000950   Data          20  timers.o(.bss)
    xActiveTimerList2                        0x20000964   Data          20  timers.o(.bss)
    .bss                                     0x20000978   Section     1720  cmsis_os2.o(.bss)
    Idle_TCB                                 0x20000978   Data          92  cmsis_os2.o(.bss)
    Idle_Stack                               0x200009d4   Data         512  cmsis_os2.o(.bss)
    Timer_TCB                                0x20000bd4   Data          92  cmsis_os2.o(.bss)
    Timer_Stack                              0x20000c30   Data        1024  cmsis_os2.o(.bss)
    .bss                                     0x20001030   Section     3000  heap_4.o(.bss)
    ucHeap                                   0x20001030   Data        3000  heap_4.o(.bss)
    .bss                                     0x20001be8   Section       96  libspace.o(.bss)
    HEAP                                     0x20001c48   Section      512  startup_stm32l432xx.o(HEAP)
    Heap_Mem                                 0x20001c48   Data         512  startup_stm32l432xx.o(HEAP)
    STACK                                    0x20001e48   Section     1024  startup_stm32l432xx.o(STACK)
    Stack_Mem                                0x20001e48   Data        1024  startup_stm32l432xx.o(STACK)
    __initial_sp                             0x20002248   Data           0  startup_stm32l432xx.o(STACK)

    Global Symbols

    Symbol Name                              Value     Ov Type        Size  Object(Section)

    BuildAttributes$$THM_ISAv4$E$P$D$K$B$S$7EM$VFPi3$EXTD16$VFPS$VFMA$PE$A:L22UL41UL21$X:L11$S22US41US21$IEEE1$IW$USESV6$~STKCKD$USESV7$~SHL$OTIME$ROPI$IEEEJ$EBA8$UX$STANDARDLIB$REQ8$PRES8$EABIv2 0x00000000   Number         0  anon$$obj.o ABSOLUTE
    __ARM_use_no_argv                        0x00000000   Number         0  main.o ABSOLUTE
    __ARM_exceptions_init                     - Undefined Weak Reference
    __alloca_initialize                       - Undefined Weak Reference
    __arm_preinit_                            - Undefined Weak Reference
    __cpp_initialize__aeabi_                  - Undefined Weak Reference
    __cxa_finalize                            - Undefined Weak Reference
    __sigvec_lookup                           - Undefined Weak Reference
    _atexit_init                              - Undefined Weak Reference
    _call_atexit_fns                          - Undefined Weak Reference
    _clock_init                               - Undefined Weak Reference
    _fp_trap_init                             - Undefined Weak Reference
    _fp_trap_shutdown                         - Undefined Weak Reference
    _get_lc_collate                           - Undefined Weak Reference
    _get_lc_ctype                             - Undefined Weak Reference
    _get_lc_monetary                          - Undefined Weak Reference
    _get_lc_time                              - Undefined Weak Reference
    _getenv_init                              - Undefined Weak Reference
    _handle_redirection                       - Undefined Weak Reference
    _init_alloc                               - Undefined Weak Reference
    _init_user_alloc                          - Undefined Weak Reference
    _initio                                   - Undefined Weak Reference
    _printf_post_padding                      - Undefined Weak Reference
    _printf_pre_padding                       - Undefined Weak Reference
    _printf_truncate_signed                   - Undefined Weak Reference
    _printf_truncate_unsigned                 - Undefined Weak Reference
    _rand_init                                - Undefined Weak Reference
    _signal_finish                            - Undefined Weak Reference
    _signal_init                              - Undefined Weak Reference
    _terminate_alloc                          - Undefined Weak Reference
    _terminate_user_alloc                     - Undefined Weak Reference
    _terminateio                              - Undefined Weak Reference
    __Vectors_Size                           0x0000018c   Number         0  startup_stm32l432xx.o ABSOLUTE
    __Vectors                                0x08000000   Data           4  startup_stm32l432xx.o(RESET)
    __Vectors_End                            0x0800018c   Data           0  startup_stm32l432xx.o(RESET)
    __main                                   0x0800018d   Thumb Code     8  __main.o(!!!main)
    __scatterload                            0x08000195   Thumb Code     0  __scatter.o(!!!scatter)
    __scatterload_rt2                        0x08000195   Thumb Code    44  __scatter.o(!!!scatter)
    __scatterload_rt2_thumb_only             0x08000195   Thumb Code     0  __scatter.o(!!!scatter)
    __scatterload_null                       0x080001a3   Thumb Code     0  __scatter.o(!!!scatter)
    __scatterload_copy                       0x080001c9   Thumb Code    26  __scatter_copy.o(!!handler_copy)
    __scatterload_zeroinit                   0x080001e5   Thumb Code    28  __scatter_zi.o(!!handler_zi)
    _printf_f                                0x08000201   Thumb Code     0  _printf_f.o(.ARM.Collect$$_printf_percent$$00000003)
    _printf_percent                          0x08000201   Thumb Code     0  _printf_percent.o(.ARM.Collect$$_printf_percent$$00000000)
    _printf_d                                0x08000207   Thumb Code     0  _printf_d.o(.ARM.Collect$$_printf_percent$$00000009)
    _printf_percent_end                      0x0800020d   Thumb Code     0  _printf_percent_end.o(.ARM.Collect$$_printf_percent$$00000017)
    __rt_lib_init                            0x08000211   Thumb Code     0  libinit.o(.ARM.Collect$$libinit$$00000000)
    __rt_lib_init_fp_1                       0x08000213   Thumb Code     0  libinit2.o(.ARM.Collect$$libinit$$00000001)
    __rt_lib_init_heap_1                     0x08000217   Thumb Code     0  libinit2.o(.ARM.Collect$$libinit$$0000000A)
    __rt_lib_init_lc_common                  0x08000217   Thumb Code     0  libinit2.o(.ARM.Collect$$libinit$$0000000F)
    __rt_lib_init_preinit_1                  0x08000217   Thumb Code     0  libinit2.o(.ARM.Collect$$libinit$$00000004)
    __rt_lib_init_rand_1                     0x08000217   Thumb Code     0  libinit2.o(.ARM.Collect$$libinit$$0000000E)
    __rt_lib_init_user_alloc_1               0x08000217   Thumb Code     0  libinit2.o(.ARM.Collect$$libinit$$0000000C)
    __rt_lib_init_lc_collate_1               0x0800021d   Thumb Code     0  libinit2.o(.ARM.Collect$$libinit$$00000011)
    __rt_lib_init_lc_ctype_1                 0x0800021d   Thumb Code     0  libinit2.o(.ARM.Collect$$libinit$$00000013)
    __rt_lib_init_lc_monetary_1              0x0800021d   Thumb Code     0  libinit2.o(.ARM.Collect$$libinit$$00000015)
    __rt_lib_init_lc_numeric_2               0x0800021d   Thumb Code     0  libinit2.o(.ARM.Collect$$libinit$$00000016)
    __rt_lib_init_alloca_1                   0x08000227   Thumb Code     0  libinit2.o(.ARM.Collect$$libinit$$0000002E)
    __rt_lib_init_argv_1                     0x08000227   Thumb Code     0  libinit2.o(.ARM.Collect$$libinit$$0000002C)
    __rt_lib_init_atexit_1                   0x08000227   Thumb Code     0  libinit2.o(.ARM.Collect$$libinit$$0000001B)
    __rt_lib_init_clock_1                    0x08000227   Thumb Code     0  libinit2.o(.ARM.Collect$$libinit$$00000021)
    __rt_lib_init_cpp_1                      0x08000227   Thumb Code     0  libinit2.o(.ARM.Collect$$libinit$$00000032)
    __rt_lib_init_exceptions_1               0x08000227   Thumb Code     0  libinit2.o(.ARM.Collect$$libinit$$00000030)
    __rt_lib_init_fp_trap_1                  0x08000227   Thumb Code     0  libinit2.o(.ARM.Collect$$libinit$$0000001F)
    __rt_lib_init_getenv_1                   0x08000227   Thumb Code     0  libinit2.o(.ARM.Collect$$libinit$$00000023)
    __rt_lib_init_lc_numeric_1               0x08000227   Thumb Code     0  libinit2.o(.ARM.Collect$$libinit$$00000017)
    __rt_lib_init_lc_time_1                  0x08000227   Thumb Code     0  libinit2.o(.ARM.Collect$$libinit$$00000019)
    __rt_lib_init_return                     0x08000227   Thumb Code     0  libinit2.o(.ARM.Collect$$libinit$$00000033)
    __rt_lib_init_signal_1                   0x08000227   Thumb Code     0  libinit2.o(.ARM.Collect$$libinit$$0000001D)
    __rt_lib_init_stdio_1                    0x08000227   Thumb Code     0  libinit2.o(.ARM.Collect$$libinit$$00000025)
    __rt_lib_shutdown                        0x08000229   Thumb Code     0  libshutdown.o(.ARM.Collect$$libshutdown$$00000000)
    __rt_lib_shutdown_cpp_1                  0x0800022b   Thumb Code     0  libshutdown2.o(.ARM.Collect$$libshutdown$$00000002)
    __rt_lib_shutdown_fp_trap_1              0x0800022b   Thumb Code     0  libshutdown2.o(.ARM.Collect$$libshutdown$$00000007)
    __rt_lib_shutdown_heap_1                 0x0800022b   Thumb Code     0  libshutdown2.o(.ARM.Collect$$libshutdown$$0000000F)
    __rt_lib_shutdown_return                 0x0800022b   Thumb Code     0  libshutdown2.o(.ARM.Collect$$libshutdown$$00000010)
    __rt_lib_shutdown_signal_1               0x0800022b   Thumb Code     0  libshutdown2.o(.ARM.Collect$$libshutdown$$0000000A)
    __rt_lib_shutdown_stdio_1                0x0800022b   Thumb Code     0  libshutdown2.o(.ARM.Collect$$libshutdown$$00000004)
    __rt_lib_shutdown_user_alloc_1           0x0800022b   Thumb Code     0  libshutdown2.o(.ARM.Collect$$libshutdown$$0000000C)
    __rt_entry                               0x0800022d   Thumb Code     0  __rtentry.o(.ARM.Collect$$rtentry$$00000000)
    __rt_entry_presh_1                       0x0800022d   Thumb Code     0  __rtentry2.o(.ARM.Collect$$rtentry$$00000002)
    __rt_entry_sh                            0x0800022d   Thumb Code     0  __rtentry4.o(.ARM.Collect$$rtentry$$00000004)
    __rt_entry_li                            0x08000233   Thumb Code     0  __rtentry2.o(.ARM.Collect$$rtentry$$0000000A)
    __rt_entry_postsh_1                      0x08000233   Thumb Code     0  __rtentry2.o(.ARM.Collect$$rtentry$$00000009)
    __rt_entry_main                          0x08000237   Thumb Code     0  __rtentry2.o(.ARM.Collect$$rtentry$$0000000D)
    __rt_entry_postli_1                      0x08000237   Thumb Code     0  __rtentry2.o(.ARM.Collect$$rtentry$$0000000C)
    __rt_exit                                0x0800023f   Thumb Code     0  rtexit.o(.ARM.Collect$$rtexit$$00000000)
    __rt_exit_ls                             0x08000241   Thumb Code     0  rtexit2.o(.ARM.Collect$$rtexit$$00000003)
    __rt_exit_prels_1                        0x08000241   Thumb Code     0  rtexit2.o(.ARM.Collect$$rtexit$$00000002)
    __rt_exit_exit                           0x08000245   Thumb Code     0  rtexit2.o(.ARM.Collect$$rtexit$$00000004)
    SVC_Handler                              0x0800024d   Thumb Code    28  port.o(.emb_text)
    __asm___6_port_c_39a90d8d__prvStartFirstTask 0x0800026d   Thumb Code    36  port.o(.emb_text)
    __asm___6_port_c_39a90d8d__prvEnableVFP  0x08000295   Thumb Code    16  port.o(.emb_text)
    PendSV_Handler                           0x080002a9   Thumb Code    88  port.o(.emb_text)
    vPortGetIPSR                             0x08000305   Thumb Code     6  port.o(.emb_text)
    Reset_Handler                            0x0800032d   Thumb Code     8  startup_stm32l432xx.o(.text)
    CAN1_RX0_IRQHandler                      0x08000347   Thumb Code     0  startup_stm32l432xx.o(.text)
    CAN1_RX1_IRQHandler                      0x08000347   Thumb Code     0  startup_stm32l432xx.o(.text)
    CAN1_SCE_IRQHandler                      0x08000347   Thumb Code     0  startup_stm32l432xx.o(.text)
    CAN1_TX_IRQHandler                       0x08000347   Thumb Code     0  startup_stm32l432xx.o(.text)
    COMP_IRQHandler                          0x08000347   Thumb Code     0  startup_stm32l432xx.o(.text)
    CRS_IRQHandler                           0x08000347   Thumb Code     0  startup_stm32l432xx.o(.text)
    DMA1_Channel1_IRQHandler                 0x08000347   Thumb Code     0  startup_stm32l432xx.o(.text)
    DMA1_Channel2_IRQHandler                 0x08000347   Thumb Code     0  startup_stm32l432xx.o(.text)
    DMA1_Channel3_IRQHandler                 0x08000347   Thumb Code     0  startup_stm32l432xx.o(.text)
    DMA1_Channel4_IRQHandler                 0x08000347   Thumb Code     0  startup_stm32l432xx.o(.text)
    DMA1_Channel5_IRQHandler                 0x08000347   Thumb Code     0  startup_stm32l432xx.o(.text)
    DMA1_Channel6_IRQHandler                 0x08000347   Thumb Code     0  startup_stm32l432xx.o(.text)
    DMA1_Channel7_IRQHandler                 0x08000347   Thumb Code     0  startup_stm32l432xx.o(.text)
    DMA2_Channel1_IRQHandler                 0x08000347   Thumb Code     0  startup_stm32l432xx.o(.text)
    DMA2_Channel2_IRQHandler                 0x08000347   Thumb Code     0  startup_stm32l432xx.o(.text)
    DMA2_Channel3_IRQHandler                 0x08000347   Thumb Code     0  startup_stm32l432xx.o(.text)
    DMA2_Channel4_IRQHandler                 0x08000347   Thumb Code     0  startup_stm32l432xx.o(.text)
    DMA2_Channel5_IRQHandler                 0x08000347   Thumb Code     0  startup_stm32l432xx.o(.text)
    DMA2_Channel6_IRQHandler                 0x08000347   Thumb Code     0  startup_stm32l432xx.o(.text)
    DMA2_Channel7_IRQHandler                 0x08000347   Thumb Code     0  startup_stm32l432xx.o(.text)
    EXTI0_IRQHandler                         0x08000347   Thumb Code     0  startup_stm32l432xx.o(.text)
    EXTI15_10_IRQHandler                     0x08000347   Thumb Code     0  startup_stm32l432xx.o(.text)
    EXTI1_IRQHandler                         0x08000347   Thumb Code     0  startup_stm32l432xx.o(.text)
    EXTI2_IRQHandler                         0x08000347   Thumb Code     0  startup_stm32l432xx.o(.text)
    EXTI3_IRQHandler                         0x08000347   Thumb Code     0  startup_stm32l432xx.o(.text)
    EXTI4_IRQHandler                         0x08000347   Thumb Code     0  startup_stm32l432xx.o(.text)
    EXTI9_5_IRQHandler                       0x08000347   Thumb Code     0  startup_stm32l432xx.o(.text)
    FLASH_IRQHandler                         0x08000347   Thumb Code     0  startup_stm32l432xx.o(.text)
    FPU_IRQHandler                           0x08000347   Thumb Code     0  startup_stm32l432xx.o(.text)
    I2C1_ER_IRQHandler                       0x08000347   Thumb Code     0  startup_stm32l432xx.o(.text)
    I2C1_EV_IRQHandler                       0x08000347   Thumb Code     0  startup_stm32l432xx.o(.text)
    LPTIM1_IRQHandler                        0x08000347   Thumb Code     0  startup_stm32l432xx.o(.text)
    LPTIM2_IRQHandler                        0x08000347   Thumb Code     0  startup_stm32l432xx.o(.text)
    LPUART1_IRQHandler                       0x08000347   Thumb Code     0  startup_stm32l432xx.o(.text)
    PVD_PVM_IRQHandler                       0x08000347   Thumb Code     0  startup_stm32l432xx.o(.text)
    QUADSPI_IRQHandler                       0x08000347   Thumb Code     0  startup_stm32l432xx.o(.text)
    RCC_IRQHandler                           0x08000347   Thumb Code     0  startup_stm32l432xx.o(.text)
    RNG_IRQHandler                           0x08000347   Thumb Code     0  startup_stm32l432xx.o(.text)
    RTC_Alarm_IRQHandler                     0x08000347   Thumb Code     0  startup_stm32l432xx.o(.text)
    RTC_WKUP_IRQHandler                      0x08000347   Thumb Code     0  startup_stm32l432xx.o(.text)
    SAI1_IRQHandler                          0x08000347   Thumb Code     0  startup_stm32l432xx.o(.text)
    SPI1_IRQHandler                          0x08000347   Thumb Code     0  startup_stm32l432xx.o(.text)
    SPI3_IRQHandler                          0x08000347   Thumb Code     0  startup_stm32l432xx.o(.text)
    SWPMI1_IRQHandler                        0x08000347   Thumb Code     0  startup_stm32l432xx.o(.text)
    TAMP_STAMP_IRQHandler                    0x08000347   Thumb Code     0  startup_stm32l432xx.o(.text)
    TIM1_BRK_TIM15_IRQHandler                0x08000347   Thumb Code     0  startup_stm32l432xx.o(.text)
    TIM1_CC_IRQHandler                       0x08000347   Thumb Code     0  startup_stm32l432xx.o(.text)
    TIM1_TRG_COM_IRQHandler                  0x08000347   Thumb Code     0  startup_stm32l432xx.o(.text)
    TIM1_UP_TIM16_IRQHandler                 0x08000347   Thumb Code     0  startup_stm32l432xx.o(.text)
    TIM2_IRQHandler                          0x08000347   Thumb Code     0  startup_stm32l432xx.o(.text)
    TIM6_DAC_IRQHandler                      0x08000347   Thumb Code     0  startup_stm32l432xx.o(.text)
    TIM7_IRQHandler                          0x08000347   Thumb Code     0  startup_stm32l432xx.o(.text)
    TSC_IRQHandler                           0x08000347   Thumb Code     0  startup_stm32l432xx.o(.text)
    USB_IRQHandler                           0x08000347   Thumb Code     0  startup_stm32l432xx.o(.text)
    WWDG_IRQHandler                          0x08000347   Thumb Code     0  startup_stm32l432xx.o(.text)
    __user_initial_stackheap                 0x08000349   Thumb Code     0  startup_stm32l432xx.o(.text)
    __aeabi_uldivmod                         0x0800036d   Thumb Code     0  lludivv7m.o(.text)
    _ll_udiv                                 0x0800036d   Thumb Code   238  lludivv7m.o(.text)
    __2sprintf                               0x0800045d   Thumb Code    34  noretval__2sprintf.o(.text)
    __printf                                 0x08000485   Thumb Code   104  __printf.o(.text)
    _printf_int_dec                          0x080004ed   Thumb Code   104  _printf_dec.o(.text)
    __aeabi_memcpy                           0x08000565   Thumb Code     0  rt_memcpy_v6.o(.text)
    __rt_memcpy                              0x08000565   Thumb Code   138  rt_memcpy_v6.o(.text)
    _memcpy_lastbytes                        0x080005cb   Thumb Code     0  rt_memcpy_v6.o(.text)
    __aeabi_memset                           0x080005ef   Thumb Code    16  aeabi_memset.o(.text)
    __aeabi_memclr4                          0x080005ff   Thumb Code     0  rt_memclr_w.o(.text)
    __aeabi_memclr8                          0x080005ff   Thumb Code     0  rt_memclr_w.o(.text)
    __rt_memclr_w                            0x080005ff   Thumb Code    78  rt_memclr_w.o(.text)
    _memset_w                                0x08000603   Thumb Code     0  rt_memclr_w.o(.text)
    __use_two_region_memory                  0x0800064d   Thumb Code     2  heapauxi.o(.text)
    __rt_heap_escrow$2region                 0x0800064f   Thumb Code     2  heapauxi.o(.text)
    __rt_heap_expand$2region                 0x08000651   Thumb Code     2  heapauxi.o(.text)
    _printf_int_common                       0x08000653   Thumb Code   178  _printf_intcommon.o(.text)
    __lib_sel_fp_printf                      0x08000705   Thumb Code     2  _printf_fp_dec.o(.text)
    _printf_fp_dec_real                      0x080008b7   Thumb Code   620  _printf_fp_dec.o(.text)
    _printf_char_common                      0x08000b33   Thumb Code    32  _printf_char_common.o(.text)
    _sputc                                   0x08000b59   Thumb Code    10  _sputc.o(.text)
    __aeabi_memcpy4                          0x08000b63   Thumb Code     0  rt_memcpy_w.o(.text)
    __aeabi_memcpy8                          0x08000b63   Thumb Code     0  rt_memcpy_w.o(.text)
    __rt_memcpy_w                            0x08000b63   Thumb Code   100  rt_memcpy_w.o(.text)
    _memcpy_lastbytes_aligned                0x08000bab   Thumb Code     0  rt_memcpy_w.o(.text)
    __aeabi_memclr                           0x08000bc7   Thumb Code     0  rt_memclr.o(.text)
    __rt_memclr                              0x08000bc7   Thumb Code    68  rt_memclr.o(.text)
    _memset                                  0x08000bcb   Thumb Code     0  rt_memclr.o(.text)
    __rt_locale                              0x08000c0d   Thumb Code     8  rt_locale_intlibspace.o(.text)
    _ll_udiv10                               0x08000c15   Thumb Code   138  lludiv10.o(.text)
    _printf_fp_infnan                        0x08000ca1   Thumb Code   112  _printf_fp_infnan.o(.text)
    _btod_etento                             0x08000d21   Thumb Code   224  bigflt0.o(.text)
    __user_libspace                          0x08000e05   Thumb Code     8  libspace.o(.text)
    __user_perproc_libspace                  0x08000e05   Thumb Code     0  libspace.o(.text)
    __user_perthread_libspace                0x08000e05   Thumb Code     0  libspace.o(.text)
    __user_setup_stackheap                   0x08000e0d   Thumb Code    74  sys_stackheap_outer.o(.text)
    exit                                     0x08000e57   Thumb Code    18  exit.o(.text)
    strcmp                                   0x08000e69   Thumb Code   128  strcmpv7m.o(.text)
    _sys_exit                                0x08000ee9   Thumb Code     8  sys_exit.o(.text)
    __I$use$semihosting                      0x08000ef5   Thumb Code     0  use_no_semi.o(.text)
    __use_no_semihosting_swi                 0x08000ef5   Thumb Code     2  use_no_semi.o(.text)
    __semihosting_library_function           0x08000ef7   Thumb Code     0  indicate_semi.o(.text)
    _btod_d2e                                0x08000ef7   Thumb Code    62  btod.o(CL$$btod_d2e)
    _d2e_denorm_low                          0x08000f35   Thumb Code    70  btod.o(CL$$btod_d2e_denorm_low)
    _d2e_norm_op1                            0x08000f7b   Thumb Code    96  btod.o(CL$$btod_d2e_norm_op1)
    __btod_div_common                        0x08000fdb   Thumb Code   696  btod.o(CL$$btod_div_common)
    _e2e                                     0x08001313   Thumb Code   220  btod.o(CL$$btod_e2e)
    _btod_ediv                               0x080013ef   Thumb Code    42  btod.o(CL$$btod_ediv)
    _btod_emul                               0x08001419   Thumb Code    42  btod.o(CL$$btod_emul)
    __btod_mult_common                       0x08001443   Thumb Code   580  btod.o(CL$$btod_mult_common)
    ADC1_IRQHandler                          0x08001689   Thumb Code   102  stm32l4xx_it.o(i.ADC1_IRQHandler)
    ADC_Enable                               0x08001705   Thumb Code   154  stm32l4xx_hal_adc.o(i.ADC_Enable)
    ADC_Select_CH0                           0x080017b1   Thumb Code    36  stm32l4xx_it.o(i.ADC_Select_CH0)
    ADC_Select_CH1                           0x080017dd   Thumb Code    36  stm32l4xx_it.o(i.ADC_Select_CH1)
    BusFault_Handler                         0x08001809   Thumb Code     2  stm32l4xx_it.o(i.BusFault_Handler)
    DebugMon_Handler                         0x0800180b   Thumb Code     2  stm32l4xx_it.o(i.DebugMon_Handler)
    Error_Handler                            0x0800180d   Thumb Code     4  main.o(i.Error_Handler)
    HAL_ADCEx_EndOfSamplingCallback          0x08001811   Thumb Code     2  stm32l4xx_hal_adc_ex.o(i.HAL_ADCEx_EndOfSamplingCallback)
    HAL_ADCEx_InjectedConvCpltCallback       0x08001813   Thumb Code     2  stm32l4xx_hal_adc_ex.o(i.HAL_ADCEx_InjectedConvCpltCallback)
    HAL_ADCEx_InjectedQueueOverflowCallback  0x08001815   Thumb Code     2  stm32l4xx_hal_adc_ex.o(i.HAL_ADCEx_InjectedQueueOverflowCallback)
    HAL_ADCEx_LevelOutOfWindow2Callback      0x08001817   Thumb Code     2  stm32l4xx_hal_adc_ex.o(i.HAL_ADCEx_LevelOutOfWindow2Callback)
    HAL_ADCEx_LevelOutOfWindow3Callback      0x08001819   Thumb Code     2  stm32l4xx_hal_adc_ex.o(i.HAL_ADCEx_LevelOutOfWindow3Callback)
    HAL_ADC_ConfigChannel                    0x0800181d   Thumb Code   960  stm32l4xx_hal_adc.o(i.HAL_ADC_ConfigChannel)
    HAL_ADC_ConvCpltCallback                 0x08001c0f   Thumb Code     2  stm32l4xx_hal_adc.o(i.HAL_ADC_ConvCpltCallback)
    HAL_ADC_ErrorCallback                    0x08001c11   Thumb Code     2  stm32l4xx_hal_adc.o(i.HAL_ADC_ErrorCallback)
    HAL_ADC_GetValue                         0x08001c13   Thumb Code     6  stm32l4xx_hal_adc.o(i.HAL_ADC_GetValue)
    HAL_ADC_IRQHandler                       0x08001c19   Thumb Code   514  stm32l4xx_hal_adc.o(i.HAL_ADC_IRQHandler)
    HAL_ADC_Init                             0x08001e1d   Thumb Code   400  stm32l4xx_hal_adc.o(i.HAL_ADC_Init)
    HAL_ADC_LevelOutOfWindowCallback         0x08001fcd   Thumb Code     2  stm32l4xx_hal_adc.o(i.HAL_ADC_LevelOutOfWindowCallback)
    HAL_ADC_MspInit                          0x08001fd1   Thumb Code   152  stm32l4xx_hal_msp.o(i.HAL_ADC_MspInit)
    HAL_ADC_Start_IT                         0x08002071   Thumb Code   218  stm32l4xx_hal_adc.o(i.HAL_ADC_Start_IT)
    HAL_DMA_Abort                            0x08002151   Thumb Code    74  stm32l4xx_hal_dma.o(i.HAL_DMA_Abort)
    HAL_DMA_Abort_IT                         0x0800219b   Thumb Code    78  stm32l4xx_hal_dma.o(i.HAL_DMA_Abort_IT)
    HAL_DMA_GetState                         0x080021e9   Thumb Code     6  stm32l4xx_hal_dma.o(i.HAL_DMA_GetState)
    HAL_Delay                                0x080021f1   Thumb Code    32  stm32l4xx_hal.o(i.HAL_Delay)
    HAL_GPIO_Init                            0x08002215   Thumb Code   488  stm32l4xx_hal_gpio.o(i.HAL_GPIO_Init)
    HAL_GPIO_WritePin                        0x08002417   Thumb Code    10  stm32l4xx_hal_gpio.o(i.HAL_GPIO_WritePin)
    HAL_GetTick                              0x08002421   Thumb Code     6  stm32l4xx_hal.o(i.HAL_GetTick)
    HAL_I2CEx_ConfigAnalogFilter             0x0800242d   Thumb Code    86  stm32l4xx_hal_i2c_ex.o(i.HAL_I2CEx_ConfigAnalogFilter)
    HAL_I2CEx_ConfigDigitalFilter            0x08002483   Thumb Code    82  stm32l4xx_hal_i2c_ex.o(i.HAL_I2CEx_ConfigDigitalFilter)
    HAL_I2C_AbortCpltCallback                0x080024d5   Thumb Code     2  stm32l4xx_hal_i2c.o(i.HAL_I2C_AbortCpltCallback)
    HAL_I2C_AddrCallback                     0x080024d7   Thumb Code     2  stm32l4xx_hal_i2c.o(i.HAL_I2C_AddrCallback)
    HAL_I2C_ER_IRQHandler                    0x080024d9   Thumb Code   104  stm32l4xx_hal_i2c.o(i.HAL_I2C_ER_IRQHandler)
    HAL_I2C_EV_IRQHandler                    0x08002541   Thumb Code    16  stm32l4xx_hal_i2c.o(i.HAL_I2C_EV_IRQHandler)
    HAL_I2C_ErrorCallback                    0x08002551   Thumb Code     2  stm32l4xx_hal_i2c.o(i.HAL_I2C_ErrorCallback)
    HAL_I2C_Init                             0x08002555   Thumb Code   178  stm32l4xx_hal_i2c.o(i.HAL_I2C_Init)
    HAL_I2C_ListenCpltCallback               0x0800260d   Thumb Code     2  stm32l4xx_hal_i2c.o(i.HAL_I2C_ListenCpltCallback)
    HAL_I2C_Master_Receive                   0x08002611   Thumb Code   282  stm32l4xx_hal_i2c.o(i.HAL_I2C_Master_Receive)
    HAL_I2C_Master_Transmit                  0x0800273d   Thumb Code   282  stm32l4xx_hal_i2c.o(i.HAL_I2C_Master_Transmit)
    HAL_I2C_MspInit                          0x08002869   Thumb Code   190  stm32l4xx_hal_msp.o(i.HAL_I2C_MspInit)
    HAL_I2C_SlaveRxCpltCallback              0x08002935   Thumb Code     2  stm32l4xx_hal_i2c.o(i.HAL_I2C_SlaveRxCpltCallback)
    HAL_I2C_SlaveTxCpltCallback              0x08002937   Thumb Code     2  stm32l4xx_hal_i2c.o(i.HAL_I2C_SlaveTxCpltCallback)
    HAL_IncTick                              0x08002939   Thumb Code    12  stm32l4xx_hal.o(i.HAL_IncTick)
    HAL_Init                                 0x08002949   Thumb Code    30  stm32l4xx_hal.o(i.HAL_Init)
    HAL_InitTick                             0x08002969   Thumb Code    58  stm32l4xx_hal.o(i.HAL_InitTick)
    HAL_MspInit                              0x080029ad   Thumb Code    48  stm32l4xx_hal_msp.o(i.HAL_MspInit)
    HAL_NVIC_EnableIRQ                       0x080029e1   Thumb Code    26  stm32l4xx_hal_cortex.o(i.HAL_NVIC_EnableIRQ)
    HAL_NVIC_SetPriority                     0x080029fd   Thumb Code    60  stm32l4xx_hal_cortex.o(i.HAL_NVIC_SetPriority)
    HAL_NVIC_SetPriorityGrouping             0x08002a3d   Thumb Code    26  stm32l4xx_hal_cortex.o(i.HAL_NVIC_SetPriorityGrouping)
    HAL_PWREx_ControlVoltageScaling          0x08002a61   Thumb Code    90  stm32l4xx_hal_pwr_ex.o(i.HAL_PWREx_ControlVoltageScaling)
    HAL_PWREx_GetVoltageRange                0x08002ac9   Thumb Code    10  stm32l4xx_hal_pwr_ex.o(i.HAL_PWREx_GetVoltageRange)
    HAL_PWR_EnableBkUpAccess                 0x08002ad9   Thumb Code    12  stm32l4xx_hal_pwr.o(i.HAL_PWR_EnableBkUpAccess)
    HAL_RCCEx_EnableMSIPLLMode               0x08002ae9   Thumb Code    12  stm32l4xx_hal_rcc_ex.o(i.HAL_RCCEx_EnableMSIPLLMode)
    HAL_RCCEx_PeriphCLKConfig                0x08002af9   Thumb Code   634  stm32l4xx_hal_rcc_ex.o(i.HAL_RCCEx_PeriphCLKConfig)
    HAL_RCC_ClockConfig                      0x08002d85   Thumb Code   304  stm32l4xx_hal_rcc.o(i.HAL_RCC_ClockConfig)
    HAL_RCC_GetPCLK1Freq                     0x08002ec9   Thumb Code    24  stm32l4xx_hal_rcc.o(i.HAL_RCC_GetPCLK1Freq)
    HAL_RCC_GetPCLK2Freq                     0x08002eed   Thumb Code    24  stm32l4xx_hal_rcc.o(i.HAL_RCC_GetPCLK2Freq)
    HAL_RCC_GetSysClockFreq                  0x08002f11   Thumb Code   150  stm32l4xx_hal_rcc.o(i.HAL_RCC_GetSysClockFreq)
    HAL_RCC_OscConfig                        0x08002fb5   Thumb Code  1366  stm32l4xx_hal_rcc.o(i.HAL_RCC_OscConfig)
    HAL_SYSTICK_Config                       0x08003515   Thumb Code    40  stm32l4xx_hal_cortex.o(i.HAL_SYSTICK_Config)
    HAL_UARTEx_RxEventCallback               0x0800353d   Thumb Code     2  stm32l4xx_hal_uart.o(i.HAL_UARTEx_RxEventCallback)
    HAL_UARTEx_WakeupCallback                0x0800353f   Thumb Code     2  stm32l4xx_hal_uart_ex.o(i.HAL_UARTEx_WakeupCallback)
    HAL_UART_ErrorCallback                   0x08003541   Thumb Code     2  stm32l4xx_hal_uart.o(i.HAL_UART_ErrorCallback)
    HAL_UART_IRQHandler                      0x08003545   Thumb Code   652  stm32l4xx_hal_uart.o(i.HAL_UART_IRQHandler)
    HAL_UART_Init                            0x080037d9   Thumb Code   102  stm32l4xx_hal_uart.o(i.HAL_UART_Init)
    HAL_UART_MspInit                         0x08003841   Thumb Code   292  stm32l4xx_hal_msp.o(i.HAL_UART_MspInit)
    HAL_UART_Receive                         0x08003975   Thumb Code   248  stm32l4xx_hal_uart.o(i.HAL_UART_Receive)
    HAL_UART_Transmit                        0x08003a75   Thumb Code   182  stm32l4xx_hal_uart.o(i.HAL_UART_Transmit)
    HAL_UART_TxCpltCallback                  0x08003b2b   Thumb Code     2  stm32l4xx_hal_uart.o(i.HAL_UART_TxCpltCallback)
    HardFault_Handler                        0x08003b2d   Thumb Code     2  stm32l4xx_it.o(i.HardFault_Handler)
    I2C3_ER_IRQHandler                       0x08003b31   Thumb Code     6  stm32l4xx_it.o(i.I2C3_ER_IRQHandler)
    I2C3_EV_IRQHandler                       0x08003b3d   Thumb Code     6  stm32l4xx_it.o(i.I2C3_EV_IRQHandler)
    MemManage_Handler                        0x080045c5   Thumb Code     2  stm32l4xx_it.o(i.MemManage_Handler)
    NMI_Handler                              0x080045c7   Thumb Code     2  stm32l4xx_it.o(i.NMI_Handler)
    StartDefaultTask                         0x08004771   Thumb Code   150  main.o(i.StartDefaultTask)
    StartTask02                              0x08004821   Thumb Code   240  main.o(i.StartTask02)
    StartTask03                              0x08004951   Thumb Code    34  main.o(i.StartTask03)
    StartTask04                              0x08004979   Thumb Code    88  main.o(i.StartTask04)
    StartTask05                              0x080049dd   Thumb Code     8  main.o(i.StartTask05)
    StartTask06                              0x080049e5   Thumb Code     8  main.o(i.StartTask06)
    SysTick_Handler                          0x080049ed   Thumb Code    24  stm32l4xx_it.o(i.SysTick_Handler)
    SystemClock_Config                       0x08004a05   Thumb Code   136  main.o(i.SystemClock_Config)
    SystemInit                               0x08004a91   Thumb Code    12  system_stm32l4xx.o(i.SystemInit)
    UART_AdvFeatureConfig                    0x08004aa1   Thumb Code   200  stm32l4xx_hal_uart.o(i.UART_AdvFeatureConfig)
    UART_CheckIdleState                      0x08004b69   Thumb Code    92  stm32l4xx_hal_uart.o(i.UART_CheckIdleState)
    UART_SetConfig                           0x08004c25   Thumb Code   448  stm32l4xx_hal_uart.o(i.UART_SetConfig)
    UART_WaitOnFlagUntilTimeout              0x08004e01   Thumb Code   198  stm32l4xx_hal_uart.o(i.UART_WaitOnFlagUntilTimeout)
    USART1_IRQHandler                        0x08004ec9   Thumb Code    36  stm32l4xx_it.o(i.USART1_IRQHandler)
    USART2_IRQHandler                        0x08004ef5   Thumb Code     6  stm32l4xx_it.o(i.USART2_IRQHandler)
    UsageFault_Handler                       0x08004f01   Thumb Code     2  stm32l4xx_it.o(i.UsageFault_Handler)
    __ARM_fpclassify                         0x08004f03   Thumb Code    48  fpclassify.o(i.__ARM_fpclassify)
    main                                     0x08004f55   Thumb Code   256  main.o(i.main)
    osDelay                                  0x08005079   Thumb Code    30  cmsis_os2.o(i.osDelay)
    osKernelInitialize                       0x08005099   Thumb Code    34  cmsis_os2.o(i.osKernelInitialize)
    osKernelStart                            0x080050c1   Thumb Code    48  cmsis_os2.o(i.osKernelStart)
    osSemaphoreNew                           0x080050f9   Thumb Code   180  cmsis_os2.o(i.osSemaphoreNew)
    osThreadNew                              0x080051ad   Thumb Code   188  cmsis_os2.o(i.osThreadNew)
    pvPortMalloc                             0x08005abd   Thumb Code   224  heap_4.o(i.pvPortMalloc)
    pvTaskIncrementMutexHeldCount            0x08005ba5   Thumb Code    20  tasks.o(i.pvTaskIncrementMutexHeldCount)
    pxPortInitialiseStack                    0x08005bbd   Thumb Code    38  port.o(i.pxPortInitialiseStack)
    uxListRemove                             0x08005be9   Thumb Code    38  list.o(i.uxListRemove)
    vApplicationGetIdleTaskMemory            0x08005c11   Thumb Code    16  cmsis_os2.o(i.vApplicationGetIdleTaskMemory)
    vApplicationGetTimerTaskMemory           0x08005c25   Thumb Code    18  cmsis_os2.o(i.vApplicationGetTimerTaskMemory)
    vListInitialise                          0x08005c3d   Thumb Code    22  list.o(i.vListInitialise)
    vListInitialiseItem                      0x08005c53   Thumb Code     6  list.o(i.vListInitialiseItem)
    vListInsert                              0x08005c59   Thumb Code    54  list.o(i.vListInsert)
    vListInsertEnd                           0x08005c8f   Thumb Code    24  list.o(i.vListInsertEnd)
    vPortEnterCritical                       0x08005ca9   Thumb Code    54  port.o(i.vPortEnterCritical)
    vPortExitCritical                        0x08005ce9   Thumb Code    38  port.o(i.vPortExitCritical)
    vPortFree                                0x08005d15   Thumb Code    94  heap_4.o(i.vPortFree)
    vPortSetupTimerInterrupt                 0x08005d79   Thumb Code    32  port.o(i.vPortSetupTimerInterrupt)
    vPortValidateInterruptPriority           0x08005d9d   Thumb Code    74  port.o(i.vPortValidateInterruptPriority)
    vQueueAddToRegistry                      0x08005df1   Thumb Code    34  queue.o(i.vQueueAddToRegistry)
    vQueueDelete                             0x08005e19   Thumb Code    50  queue.o(i.vQueueDelete)
    vQueueUnregisterQueue                    0x08005e4d   Thumb Code    36  queue.o(i.vQueueUnregisterQueue)
    vQueueWaitForMessageRestricted           0x08005e75   Thumb Code    74  queue.o(i.vQueueWaitForMessageRestricted)
    vTaskDelay                               0x08005ec1   Thumb Code    70  tasks.o(i.vTaskDelay)
    vTaskInternalSetTimeOutState             0x08005f11   Thumb Code    12  tasks.o(i.vTaskInternalSetTimeOutState)
    vTaskMissedYield                         0x08005f21   Thumb Code     8  tasks.o(i.vTaskMissedYield)
    vTaskPlaceOnEventList                    0x08005f2d   Thumb Code    48  tasks.o(i.vTaskPlaceOnEventList)
    vTaskPlaceOnEventListRestricted          0x08005f61   Thumb Code    54  tasks.o(i.vTaskPlaceOnEventListRestricted)
    vTaskPriorityDisinheritAfterTimeout      0x08005f9d   Thumb Code   138  tasks.o(i.vTaskPriorityDisinheritAfterTimeout)
    vTaskStartScheduler                      0x08006031   Thumb Code   128  tasks.o(i.vTaskStartScheduler)
    vTaskSuspendAll                          0x080060c1   Thumb Code    10  tasks.o(i.vTaskSuspendAll)
    vTaskSwitchContext                       0x080060d1   Thumb Code   100  tasks.o(i.vTaskSwitchContext)
    xPortStartScheduler                      0x0800613d   Thumb Code   232  port.o(i.xPortStartScheduler)
    xPortSysTickHandler                      0x08006241   Thumb Code    38  port.o(i.xPortSysTickHandler)
    xQueueCreateCountingSemaphore            0x0800626d   Thumb Code    60  queue.o(i.xQueueCreateCountingSemaphore)
    xQueueCreateCountingSemaphoreStatic      0x080062a9   Thumb Code    66  queue.o(i.xQueueCreateCountingSemaphoreStatic)
    xQueueGenericCreate                      0x080062eb   Thumb Code    68  queue.o(i.xQueueGenericCreate)
    xQueueGenericCreateStatic                0x0800632f   Thumb Code   112  queue.o(i.xQueueGenericCreateStatic)
    xQueueGenericReset                       0x080063a1   Thumb Code   138  queue.o(i.xQueueGenericReset)
    xQueueGenericSend                        0x08006431   Thumb Code   362  queue.o(i.xQueueGenericSend)
    xQueueGenericSendFromISR                 0x080065a1   Thumb Code   190  queue.o(i.xQueueGenericSendFromISR)
    xQueueGiveFromISR                        0x0800665f   Thumb Code   160  queue.o(i.xQueueGiveFromISR)
    xQueueReceive                            0x08006701   Thumb Code   322  queue.o(i.xQueueReceive)
    xQueueSemaphoreTake                      0x08006849   Thumb Code   382  queue.o(i.xQueueSemaphoreTake)
    xTaskCheckForTimeOut                     0x080069cd   Thumb Code   122  tasks.o(i.xTaskCheckForTimeOut)
    xTaskCreate                              0x08006a4d   Thumb Code   108  tasks.o(i.xTaskCreate)
    xTaskCreateStatic                        0x08006abf   Thumb Code    96  tasks.o(i.xTaskCreateStatic)
    xTaskGetSchedulerState                   0x08006b21   Thumb Code    24  tasks.o(i.xTaskGetSchedulerState)
    xTaskGetTickCount                        0x08006b3d   Thumb Code     6  tasks.o(i.xTaskGetTickCount)
    xTaskIncrementTick                       0x08006b49   Thumb Code   196  tasks.o(i.xTaskIncrementTick)
    xTaskPriorityDisinherit                  0x08006c15   Thumb Code   118  tasks.o(i.xTaskPriorityDisinherit)
    xTaskPriorityInherit                     0x08006c95   Thumb Code   118  tasks.o(i.xTaskPriorityInherit)
    xTaskRemoveFromEventList                 0x08006d15   Thumb Code   106  tasks.o(i.xTaskRemoveFromEventList)
    xTaskResumeAll                           0x08006d8d   Thumb Code   190  tasks.o(i.xTaskResumeAll)
    xTimerCreateTimerTask                    0x08006e59   Thumb Code    86  timers.o(i.xTimerCreateTimerTask)
    xTimerGenericCommand                     0x08006ec1   Thumb Code   112  timers.o(i.xTimerGenericCommand)
    _get_lc_numeric                          0x08006f35   Thumb Code    44  lc_numeric_c.o(locale$$code)
    __aeabi_d2f                              0x08006f61   Thumb Code     0  d2f.o(x$fpl$d2f)
    _d2f                                     0x08006f61   Thumb Code    98  d2f.o(x$fpl$d2f)
    __aeabi_ui2d                             0x08006fc3   Thumb Code     0  dflt_clz.o(x$fpl$dfltu)
    _dfltu                                   0x08006fc3   Thumb Code    38  dflt_clz.o(x$fpl$dfltu)
    __aeabi_dmul                             0x08006fe9   Thumb Code     0  dmul.o(x$fpl$dmul)
    _dmul                                    0x08006fe9   Thumb Code   332  dmul.o(x$fpl$dmul)
    __fpl_dnaninf                            0x0800713d   Thumb Code   156  dnaninf.o(x$fpl$dnaninf)
    __fpl_dretinf                            0x080071d9   Thumb Code    12  dretinf.o(x$fpl$dretinf)
    __aeabi_f2d                              0x080071e5   Thumb Code     0  f2d.o(x$fpl$f2d)
    _f2d                                     0x080071e5   Thumb Code    86  f2d.o(x$fpl$f2d)
    __fpl_fnaninf                            0x0800723b   Thumb Code   140  fnaninf.o(x$fpl$fnaninf)
    _fp_init                                 0x080072c7   Thumb Code    10  fpinit.o(x$fpl$fpinit)
    __fplib_config_fpu_vfp                   0x080072cf   Thumb Code     0  fpinit.o(x$fpl$fpinit)
    __fplib_config_pureend_doubles           0x080072cf   Thumb Code     0  fpinit.o(x$fpl$fpinit)
    __fpl_fretinf                            0x080072d1   Thumb Code    10  fretinf.o(x$fpl$fretinf)
    _printf_fp_dec                           0x080072db   Thumb Code     4  printf1.o(x$fpl$printf1)
    __I$use$fp                               0x080072de   Number         0  usenofp.o(x$fpl$usenofp)
    defaultTask_attributes                   0x080072e0   Data          36  main.o(.constdata)
    SensorsTask_attributes                   0x08007304   Data          36  main.o(.constdata)
    UartCommunicati_attributes               0x08007328   Data          36  main.o(.constdata)
    Calculate_attributes                     0x0800734c   Data          36  main.o(.constdata)
    Calculate2_attributes                    0x08007370   Data          36  main.o(.constdata)
    UartCom2_attributes                      0x08007394   Data          36  main.o(.constdata)
    myBinarySem01_attributes                 0x080073b8   Data          16  main.o(.constdata)
    AHBPrescTable                            0x080073c8   Data          16  system_stm32l4xx.o(.constdata)
    MSIRangeTable                            0x080073d8   Data          48  system_stm32l4xx.o(.constdata)
    APBPrescTable                            0x08007408   Data           8  system_stm32l4xx.o(.constdata)
    Region$$Table$$Base                      0x08007500   Number         0  anon$$obj.o(Region$$Table)
    Region$$Table$$Limit                     0x08007520   Number         0  anon$$obj.o(Region$$Table)
    tempupsend                               0x20000000   Data           1  main.o(.data)
    tempdownsend                             0x20000001   Data           1  main.o(.data)
    tempuprec                                0x20000002   Data           1  main.o(.data)
    tempdownrec                              0x20000003   Data           1  main.o(.data)
    tempvalue                                0x20000004   Data           1  main.o(.data)
    data                                     0x20000005   Data           2  main.o(.data)
    ctlbuf                                   0x20000007   Data           2  main.o(.data)
    statbuf                                  0x20000009   Data           2  main.o(.data)
    moistureLimit                            0x2000000c   Data           4  main.o(.data)
    moistureLimit2                           0x20000010   Data           4  main.o(.data)
    defaultTaskHandle                        0x20000014   Data           4  main.o(.data)
    SensorsTaskHandle                        0x20000018   Data           4  main.o(.data)
    UartCommunicatiHandle                    0x2000001c   Data           4  main.o(.data)
    CalculateHandle                          0x20000020   Data           4  main.o(.data)
    Calculate2Handle                         0x20000024   Data           4  main.o(.data)
    UartCom2Handle                           0x20000028   Data           4  main.o(.data)
    myBinarySem01Handle                      0x2000002c   Data           4  main.o(.data)
    tempfr                                   0x20000030   Data           4  main.o(.data)
    tempfinal                                0x20000034   Data           4  main.o(.data)
    moisture_perc                            0x20000038   Data           4  stm32l4xx_it.o(.data)
    moisture_perc2                           0x2000003c   Data           4  stm32l4xx_it.o(.data)
    adcflag                                  0x20000040   Data           4  stm32l4xx_it.o(.data)
    uwTickFreq                               0x20000044   Data           1  stm32l4xx_hal.o(.data)
    uwTickPrio                               0x20000048   Data           4  stm32l4xx_hal.o(.data)
    uwTick                                   0x2000004c   Data           4  stm32l4xx_hal.o(.data)
    SystemCoreClock                          0x20000050   Data           4  system_stm32l4xx.o(.data)
    pxCurrentTCB                             0x20000054   Data           4  tasks.o(.data)
    uartBuf3                                 0x200000d4   Data         100  main.o(.bss)
    hadc1                                    0x20000138   Data         100  main.o(.bss)
    hi2c3                                    0x2000019c   Data          84  main.o(.bss)
    huart1                                   0x200001f0   Data         132  main.o(.bss)
    huart2                                   0x20000274   Data         132  main.o(.bss)
    uartBuf                                  0x200002f8   Data         100  main.o(.bss)
    xQueueRegistry                           0x2000035c   Data          64  queue.o(.bss)
    __libspace_start                         0x20001be8   Data          96  libspace.o(.bss)
    __temporary_stack_top$libspace           0x20001c48   Data           0  libspace.o(.bss)



==============================================================================

Memory Map of the image

  Image Entry point : 0x0800018d

  Load Region LR_IROM1 (Base: 0x08000000, Size: 0x00007610, Max: 0x00040000, ABSOLUTE)

    Execution Region ER_IROM1 (Exec base: 0x08000000, Load base: 0x08000000, Size: 0x0000753c, Max: 0x00040000, ABSOLUTE)

    Exec Addr    Load Addr    Size         Type   Attr      Idx    E Section Name        Object

    0x08000000   0x08000000   0x0000018c   Data   RO            3    RESET               startup_stm32l432xx.o
    0x0800018c   0x0800018c   0x00000008   Code   RO         5200  * !!!main             c_w.l(__main.o)
    0x08000194   0x08000194   0x00000034   Code   RO         5448    !!!scatter          c_w.l(__scatter.o)
    0x080001c8   0x080001c8   0x0000001a   Code   RO         5450    !!handler_copy      c_w.l(__scatter_copy.o)
    0x080001e2   0x080001e2   0x00000002   PAD
    0x080001e4   0x080001e4   0x0000001c   Code   RO         5452    !!handler_zi        c_w.l(__scatter_zi.o)
    0x08000200   0x08000200   0x00000000   Code   RO         5189    .ARM.Collect$$_printf_percent$$00000000  c_w.l(_printf_percent.o)
    0x08000200   0x08000200   0x00000006   Code   RO         5188    .ARM.Collect$$_printf_percent$$00000003  c_w.l(_printf_f.o)
    0x08000206   0x08000206   0x00000006   Code   RO         5187    .ARM.Collect$$_printf_percent$$00000009  c_w.l(_printf_d.o)
    0x0800020c   0x0800020c   0x00000004   Code   RO         5229    .ARM.Collect$$_printf_percent$$00000017  c_w.l(_printf_percent_end.o)
    0x08000210   0x08000210   0x00000002   Code   RO         5321    .ARM.Collect$$libinit$$00000000  c_w.l(libinit.o)
    0x08000212   0x08000212   0x00000004   Code   RO         5322    .ARM.Collect$$libinit$$00000001  c_w.l(libinit2.o)
    0x08000216   0x08000216   0x00000000   Code   RO         5325    .ARM.Collect$$libinit$$00000004  c_w.l(libinit2.o)
    0x08000216   0x08000216   0x00000000   Code   RO         5328    .ARM.Collect$$libinit$$0000000A  c_w.l(libinit2.o)
    0x08000216   0x08000216   0x00000000   Code   RO         5330    .ARM.Collect$$libinit$$0000000C  c_w.l(libinit2.o)
    0x08000216   0x08000216   0x00000000   Code   RO         5332    .ARM.Collect$$libinit$$0000000E  c_w.l(libinit2.o)
    0x08000216   0x08000216   0x00000006   Code   RO         5333    .ARM.Collect$$libinit$$0000000F  c_w.l(libinit2.o)
    0x0800021c   0x0800021c   0x00000000   Code   RO         5335    .ARM.Collect$$libinit$$00000011  c_w.l(libinit2.o)
    0x0800021c   0x0800021c   0x00000000   Code   RO         5337    .ARM.Collect$$libinit$$00000013  c_w.l(libinit2.o)
    0x0800021c   0x0800021c   0x00000000   Code   RO         5339    .ARM.Collect$$libinit$$00000015  c_w.l(libinit2.o)
    0x0800021c   0x0800021c   0x0000000a   Code   RO         5340    .ARM.Collect$$libinit$$00000016  c_w.l(libinit2.o)
    0x08000226   0x08000226   0x00000000   Code   RO         5341    .ARM.Collect$$libinit$$00000017  c_w.l(libinit2.o)
    0x08000226   0x08000226   0x00000000   Code   RO         5343    .ARM.Collect$$libinit$$00000019  c_w.l(libinit2.o)
    0x08000226   0x08000226   0x00000000   Code   RO         5345    .ARM.Collect$$libinit$$0000001B  c_w.l(libinit2.o)
    0x08000226   0x08000226   0x00000000   Code   RO         5347    .ARM.Collect$$libinit$$0000001D  c_w.l(libinit2.o)
    0x08000226   0x08000226   0x00000000   Code   RO         5349    .ARM.Collect$$libinit$$0000001F  c_w.l(libinit2.o)
    0x08000226   0x08000226   0x00000000   Code   RO         5351    .ARM.Collect$$libinit$$00000021  c_w.l(libinit2.o)
    0x08000226   0x08000226   0x00000000   Code   RO         5353    .ARM.Collect$$libinit$$00000023  c_w.l(libinit2.o)
    0x08000226   0x08000226   0x00000000   Code   RO         5355    .ARM.Collect$$libinit$$00000025  c_w.l(libinit2.o)
    0x08000226   0x08000226   0x00000000   Code   RO         5359    .ARM.Collect$$libinit$$0000002C  c_w.l(libinit2.o)
    0x08000226   0x08000226   0x00000000   Code   RO         5361    .ARM.Collect$$libinit$$0000002E  c_w.l(libinit2.o)
    0x08000226   0x08000226   0x00000000   Code   RO         5363    .ARM.Collect$$libinit$$00000030  c_w.l(libinit2.o)
    0x08000226   0x08000226   0x00000000   Code   RO         5365    .ARM.Collect$$libinit$$00000032  c_w.l(libinit2.o)
    0x08000226   0x08000226   0x00000002   Code   RO         5366    .ARM.Collect$$libinit$$00000033  c_w.l(libinit2.o)
    0x08000228   0x08000228   0x00000002   Code   RO         5413    .ARM.Collect$$libshutdown$$00000000  c_w.l(libshutdown.o)
    0x0800022a   0x0800022a   0x00000000   Code   RO         5431    .ARM.Collect$$libshutdown$$00000002  c_w.l(libshutdown2.o)
    0x0800022a   0x0800022a   0x00000000   Code   RO         5433    .ARM.Collect$$libshutdown$$00000004  c_w.l(libshutdown2.o)
    0x0800022a   0x0800022a   0x00000000   Code   RO         5436    .ARM.Collect$$libshutdown$$00000007  c_w.l(libshutdown2.o)
    0x0800022a   0x0800022a   0x00000000   Code   RO         5439    .ARM.Collect$$libshutdown$$0000000A  c_w.l(libshutdown2.o)
    0x0800022a   0x0800022a   0x00000000   Code   RO         5441    .ARM.Collect$$libshutdown$$0000000C  c_w.l(libshutdown2.o)
    0x0800022a   0x0800022a   0x00000000   Code   RO         5444    .ARM.Collect$$libshutdown$$0000000F  c_w.l(libshutdown2.o)
    0x0800022a   0x0800022a   0x00000002   Code   RO         5445    .ARM.Collect$$libshutdown$$00000010  c_w.l(libshutdown2.o)
    0x0800022c   0x0800022c   0x00000000   Code   RO         5216    .ARM.Collect$$rtentry$$00000000  c_w.l(__rtentry.o)
    0x0800022c   0x0800022c   0x00000000   Code   RO         5244    .ARM.Collect$$rtentry$$00000002  c_w.l(__rtentry2.o)
    0x0800022c   0x0800022c   0x00000006   Code   RO         5256    .ARM.Collect$$rtentry$$00000004  c_w.l(__rtentry4.o)
    0x08000232   0x08000232   0x00000000   Code   RO         5246    .ARM.Collect$$rtentry$$00000009  c_w.l(__rtentry2.o)
    0x08000232   0x08000232   0x00000004   Code   RO         5247    .ARM.Collect$$rtentry$$0000000A  c_w.l(__rtentry2.o)
    0x08000236   0x08000236   0x00000000   Code   RO         5249    .ARM.Collect$$rtentry$$0000000C  c_w.l(__rtentry2.o)
    0x08000236   0x08000236   0x00000008   Code   RO         5250    .ARM.Collect$$rtentry$$0000000D  c_w.l(__rtentry2.o)
    0x0800023e   0x0800023e   0x00000002   Code   RO         5367    .ARM.Collect$$rtexit$$00000000  c_w.l(rtexit.o)
    0x08000240   0x08000240   0x00000000   Code   RO         5382    .ARM.Collect$$rtexit$$00000002  c_w.l(rtexit2.o)
    0x08000240   0x08000240   0x00000004   Code   RO         5383    .ARM.Collect$$rtexit$$00000003  c_w.l(rtexit2.o)
    0x08000244   0x08000244   0x00000006   Code   RO         5384    .ARM.Collect$$rtexit$$00000004  c_w.l(rtexit2.o)
    0x0800024a   0x0800024a   0x00000002   PAD
    0x0800024c   0x0800024c   0x000000de   Code   RO         5078    .emb_text           port.o
    0x0800032a   0x0800032a   0x00000002   PAD
    0x0800032c   0x0800032c   0x00000040   Code   RO            4    .text               startup_stm32l432xx.o
    0x0800036c   0x0800036c   0x000000ee   Code   RO         5157    .text               c_w.l(lludivv7m.o)
    0x0800045a   0x0800045a   0x00000002   PAD
    0x0800045c   0x0800045c   0x00000028   Code   RO         5161    .text               c_w.l(noretval__2sprintf.o)
    0x08000484   0x08000484   0x00000068   Code   RO         5163    .text               c_w.l(__printf.o)
    0x080004ec   0x080004ec   0x00000078   Code   RO         5165    .text               c_w.l(_printf_dec.o)
    0x08000564   0x08000564   0x0000008a   Code   RO         5190    .text               c_w.l(rt_memcpy_v6.o)
    0x080005ee   0x080005ee   0x00000010   Code   RO         5194    .text               c_w.l(aeabi_memset.o)
    0x080005fe   0x080005fe   0x0000004e   Code   RO         5196    .text               c_w.l(rt_memclr_w.o)
    0x0800064c   0x0800064c   0x00000006   Code   RO         5198    .text               c_w.l(heapauxi.o)
    0x08000652   0x08000652   0x000000b2   Code   RO         5221    .text               c_w.l(_printf_intcommon.o)
    0x08000704   0x08000704   0x00000424   Code   RO         5223    .text               c_w.l(_printf_fp_dec.o)
    0x08000b28   0x08000b28   0x00000030   Code   RO         5225    .text               c_w.l(_printf_char_common.o)
    0x08000b58   0x08000b58   0x0000000a   Code   RO         5227    .text               c_w.l(_sputc.o)
    0x08000b62   0x08000b62   0x00000064   Code   RO         5230    .text               c_w.l(rt_memcpy_w.o)
    0x08000bc6   0x08000bc6   0x00000044   Code   RO         5232    .text               c_w.l(rt_memclr.o)
    0x08000c0a   0x08000c0a   0x00000002   PAD
    0x08000c0c   0x08000c0c   0x00000008   Code   RO         5263    .text               c_w.l(rt_locale_intlibspace.o)
    0x08000c14   0x08000c14   0x0000008a   Code   RO         5265    .text               c_w.l(lludiv10.o)
    0x08000c9e   0x08000c9e   0x00000002   PAD
    0x08000ca0   0x08000ca0   0x00000080   Code   RO         5267    .text               c_w.l(_printf_fp_infnan.o)
    0x08000d20   0x08000d20   0x000000e4   Code   RO         5271    .text               c_w.l(bigflt0.o)
    0x08000e04   0x08000e04   0x00000008   Code   RO         5303    .text               c_w.l(libspace.o)
    0x08000e0c   0x08000e0c   0x0000004a   Code   RO         5306    .text               c_w.l(sys_stackheap_outer.o)
    0x08000e56   0x08000e56   0x00000012   Code   RO         5308    .text               c_w.l(exit.o)
    0x08000e68   0x08000e68   0x00000080   Code   RO         5314    .text               c_w.l(strcmpv7m.o)
    0x08000ee8   0x08000ee8   0x0000000c   Code   RO         5379    .text               c_w.l(sys_exit.o)
    0x08000ef4   0x08000ef4   0x00000002   Code   RO         5400    .text               c_w.l(use_no_semi.o)
    0x08000ef6   0x08000ef6   0x00000000   Code   RO         5402    .text               c_w.l(indicate_semi.o)
    0x08000ef6   0x08000ef6   0x0000003e   Code   RO         5274    CL$$btod_d2e        c_w.l(btod.o)
    0x08000f34   0x08000f34   0x00000046   Code   RO         5276    CL$$btod_d2e_denorm_low  c_w.l(btod.o)
    0x08000f7a   0x08000f7a   0x00000060   Code   RO         5275    CL$$btod_d2e_norm_op1  c_w.l(btod.o)
    0x08000fda   0x08000fda   0x00000338   Code   RO         5284    CL$$btod_div_common  c_w.l(btod.o)
    0x08001312   0x08001312   0x000000dc   Code   RO         5281    CL$$btod_e2e        c_w.l(btod.o)
    0x080013ee   0x080013ee   0x0000002a   Code   RO         5278    CL$$btod_ediv       c_w.l(btod.o)
    0x08001418   0x08001418   0x0000002a   Code   RO         5277    CL$$btod_emul       c_w.l(btod.o)
    0x08001442   0x08001442   0x00000244   Code   RO         5283    CL$$btod_mult_common  c_w.l(btod.o)
    0x08001686   0x08001686   0x00000002   PAD
    0x08001688   0x08001688   0x0000007c   Code   RO          297    i.ADC1_IRQHandler   stm32l4xx_it.o
    0x08001704   0x08001704   0x000000ac   Code   RO          469    i.ADC_Enable        stm32l4xx_hal_adc.o
    0x080017b0   0x080017b0   0x0000002c   Code   RO          298    i.ADC_Select_CH0    stm32l4xx_it.o
    0x080017dc   0x080017dc   0x0000002c   Code   RO          299    i.ADC_Select_CH1    stm32l4xx_it.o
    0x08001808   0x08001808   0x00000002   Code   RO          300    i.BusFault_Handler  stm32l4xx_it.o
    0x0800180a   0x0800180a   0x00000002   Code   RO          301    i.DebugMon_Handler  stm32l4xx_it.o
    0x0800180c   0x0800180c   0x00000004   Code   RO           13    i.Error_Handler     main.o
    0x08001810   0x08001810   0x00000002   Code   RO          699    i.HAL_ADCEx_EndOfSamplingCallback  stm32l4xx_hal_adc_ex.o
    0x08001812   0x08001812   0x00000002   Code   RO          702    i.HAL_ADCEx_InjectedConvCpltCallback  stm32l4xx_hal_adc_ex.o
    0x08001814   0x08001814   0x00000002   Code   RO          705    i.HAL_ADCEx_InjectedQueueOverflowCallback  stm32l4xx_hal_adc_ex.o
    0x08001816   0x08001816   0x00000002   Code   RO          710    i.HAL_ADCEx_LevelOutOfWindow2Callback  stm32l4xx_hal_adc_ex.o
    0x08001818   0x08001818   0x00000002   Code   RO          711    i.HAL_ADCEx_LevelOutOfWindow3Callback  stm32l4xx_hal_adc_ex.o
    0x0800181a   0x0800181a   0x00000002   PAD
    0x0800181c   0x0800181c   0x000003f2   Code   RO          471    i.HAL_ADC_ConfigChannel  stm32l4xx_hal_adc.o
    0x08001c0e   0x08001c0e   0x00000002   Code   RO          472    i.HAL_ADC_ConvCpltCallback  stm32l4xx_hal_adc.o
    0x08001c10   0x08001c10   0x00000002   Code   RO          475    i.HAL_ADC_ErrorCallback  stm32l4xx_hal_adc.o
    0x08001c12   0x08001c12   0x00000006   Code   RO          478    i.HAL_ADC_GetValue  stm32l4xx_hal_adc.o
    0x08001c18   0x08001c18   0x00000202   Code   RO          479    i.HAL_ADC_IRQHandler  stm32l4xx_hal_adc.o
    0x08001e1a   0x08001e1a   0x00000002   PAD
    0x08001e1c   0x08001e1c   0x000001b0   Code   RO          480    i.HAL_ADC_Init      stm32l4xx_hal_adc.o
    0x08001fcc   0x08001fcc   0x00000002   Code   RO          481    i.HAL_ADC_LevelOutOfWindowCallback  stm32l4xx_hal_adc.o
    0x08001fce   0x08001fce   0x00000002   PAD
    0x08001fd0   0x08001fd0   0x000000a0   Code   RO          405    i.HAL_ADC_MspInit   stm32l4xx_hal_msp.o
    0x08002070   0x08002070   0x000000e0   Code   RO          488    i.HAL_ADC_Start_IT  stm32l4xx_hal_adc.o
    0x08002150   0x08002150   0x0000004a   Code   RO         2161    i.HAL_DMA_Abort     stm32l4xx_hal_dma.o
    0x0800219a   0x0800219a   0x0000004e   Code   RO         2162    i.HAL_DMA_Abort_IT  stm32l4xx_hal_dma.o
    0x080021e8   0x080021e8   0x00000006   Code   RO         2165    i.HAL_DMA_GetState  stm32l4xx_hal_dma.o
    0x080021ee   0x080021ee   0x00000002   PAD
    0x080021f0   0x080021f0   0x00000024   Code   RO          878    i.HAL_Delay         stm32l4xx_hal.o
    0x08002214   0x08002214   0x00000202   Code   RO         2097    i.HAL_GPIO_Init     stm32l4xx_hal_gpio.o
    0x08002416   0x08002416   0x0000000a   Code   RO         2101    i.HAL_GPIO_WritePin  stm32l4xx_hal_gpio.o
    0x08002420   0x08002420   0x0000000c   Code   RO          882    i.HAL_GetTick       stm32l4xx_hal.o
    0x0800242c   0x0800242c   0x00000056   Code   RO         1547    i.HAL_I2CEx_ConfigAnalogFilter  stm32l4xx_hal_i2c_ex.o
    0x08002482   0x08002482   0x00000052   Code   RO         1548    i.HAL_I2CEx_ConfigDigitalFilter  stm32l4xx_hal_i2c_ex.o
    0x080024d4   0x080024d4   0x00000002   Code   RO         1075    i.HAL_I2C_AbortCpltCallback  stm32l4xx_hal_i2c.o
    0x080024d6   0x080024d6   0x00000002   Code   RO         1076    i.HAL_I2C_AddrCallback  stm32l4xx_hal_i2c.o
    0x080024d8   0x080024d8   0x00000068   Code   RO         1079    i.HAL_I2C_ER_IRQHandler  stm32l4xx_hal_i2c.o
    0x08002540   0x08002540   0x00000010   Code   RO         1080    i.HAL_I2C_EV_IRQHandler  stm32l4xx_hal_i2c.o
    0x08002550   0x08002550   0x00000002   Code   RO         1082    i.HAL_I2C_ErrorCallback  stm32l4xx_hal_i2c.o
    0x08002552   0x08002552   0x00000002   PAD
    0x08002554   0x08002554   0x000000b8   Code   RO         1086    i.HAL_I2C_Init      stm32l4xx_hal_i2c.o
    0x0800260c   0x0800260c   0x00000002   Code   RO         1088    i.HAL_I2C_ListenCpltCallback  stm32l4xx_hal_i2c.o
    0x0800260e   0x0800260e   0x00000002   PAD
    0x08002610   0x08002610   0x0000012a   Code   RO         1092    i.HAL_I2C_Master_Receive  stm32l4xx_hal_i2c.o
    0x0800273a   0x0800273a   0x00000002   PAD
    0x0800273c   0x0800273c   0x0000012a   Code   RO         1099    i.HAL_I2C_Master_Transmit  stm32l4xx_hal_i2c.o
    0x08002866   0x08002866   0x00000002   PAD
    0x08002868   0x08002868   0x000000cc   Code   RO          407    i.HAL_I2C_MspInit   stm32l4xx_hal_msp.o
    0x08002934   0x08002934   0x00000002   Code   RO         1112    i.HAL_I2C_SlaveRxCpltCallback  stm32l4xx_hal_i2c.o
    0x08002936   0x08002936   0x00000002   Code   RO         1113    i.HAL_I2C_SlaveTxCpltCallback  stm32l4xx_hal_i2c.o
    0x08002938   0x08002938   0x00000010   Code   RO          888    i.HAL_IncTick       stm32l4xx_hal.o
    0x08002948   0x08002948   0x0000001e   Code   RO          889    i.HAL_Init          stm32l4xx_hal.o
    0x08002966   0x08002966   0x00000002   PAD
    0x08002968   0x08002968   0x00000044   Code   RO          890    i.HAL_InitTick      stm32l4xx_hal.o
    0x080029ac   0x080029ac   0x00000034   Code   RO          408    i.HAL_MspInit       stm32l4xx_hal_msp.o
    0x080029e0   0x080029e0   0x0000001a   Code   RO         2614    i.HAL_NVIC_EnableIRQ  stm32l4xx_hal_cortex.o
    0x080029fa   0x080029fa   0x00000002   PAD
    0x080029fc   0x080029fc   0x00000040   Code   RO         2620    i.HAL_NVIC_SetPriority  stm32l4xx_hal_cortex.o
    0x08002a3c   0x08002a3c   0x00000024   Code   RO         2621    i.HAL_NVIC_SetPriorityGrouping  stm32l4xx_hal_cortex.o
    0x08002a60   0x08002a60   0x00000068   Code   RO         2388    i.HAL_PWREx_ControlVoltageScaling  stm32l4xx_hal_pwr_ex.o
    0x08002ac8   0x08002ac8   0x00000010   Code   RO         2415    i.HAL_PWREx_GetVoltageRange  stm32l4xx_hal_pwr_ex.o
    0x08002ad8   0x08002ad8   0x00000010   Code   RO         2280    i.HAL_PWR_EnableBkUpAccess  stm32l4xx_hal_pwr.o
    0x08002ae8   0x08002ae8   0x00000010   Code   RO         1724    i.HAL_RCCEx_EnableMSIPLLMode  stm32l4xx_hal_rcc_ex.o
    0x08002af8   0x08002af8   0x0000028a   Code   RO         1730    i.HAL_RCCEx_PeriphCLKConfig  stm32l4xx_hal_rcc_ex.o
    0x08002d82   0x08002d82   0x00000002   PAD
    0x08002d84   0x08002d84   0x00000144   Code   RO         1602    i.HAL_RCC_ClockConfig  stm32l4xx_hal_rcc.o
    0x08002ec8   0x08002ec8   0x00000024   Code   RO         1608    i.HAL_RCC_GetPCLK1Freq  stm32l4xx_hal_rcc.o
    0x08002eec   0x08002eec   0x00000024   Code   RO         1609    i.HAL_RCC_GetPCLK2Freq  stm32l4xx_hal_rcc.o
    0x08002f10   0x08002f10   0x000000a4   Code   RO         1611    i.HAL_RCC_GetSysClockFreq  stm32l4xx_hal_rcc.o
    0x08002fb4   0x08002fb4   0x00000560   Code   RO         1614    i.HAL_RCC_OscConfig  stm32l4xx_hal_rcc.o
    0x08003514   0x08003514   0x00000028   Code   RO         2625    i.HAL_SYSTICK_Config  stm32l4xx_hal_cortex.o
    0x0800353c   0x0800353c   0x00000002   Code   RO         2861    i.HAL_UARTEx_RxEventCallback  stm32l4xx_hal_uart.o
    0x0800353e   0x0800353e   0x00000002   Code   RO         3254    i.HAL_UARTEx_WakeupCallback  stm32l4xx_hal_uart_ex.o
    0x08003540   0x08003540   0x00000002   Code   RO         2877    i.HAL_UART_ErrorCallback  stm32l4xx_hal_uart.o
    0x08003542   0x08003542   0x00000002   PAD
    0x08003544   0x08003544   0x00000294   Code   RO         2880    i.HAL_UART_IRQHandler  stm32l4xx_hal_uart.o
    0x080037d8   0x080037d8   0x00000066   Code   RO         2881    i.HAL_UART_Init     stm32l4xx_hal_uart.o
    0x0800383e   0x0800383e   0x00000002   PAD
    0x08003840   0x08003840   0x00000134   Code   RO          410    i.HAL_UART_MspInit  stm32l4xx_hal_msp.o
    0x08003974   0x08003974   0x000000fe   Code   RO         2884    i.HAL_UART_Receive  stm32l4xx_hal_uart.o
    0x08003a72   0x08003a72   0x00000002   PAD
    0x08003a74   0x08003a74   0x000000b6   Code   RO         2890    i.HAL_UART_Transmit  stm32l4xx_hal_uart.o
    0x08003b2a   0x08003b2a   0x00000002   Code   RO         2893    i.HAL_UART_TxCpltCallback  stm32l4xx_hal_uart.o
    0x08003b2c   0x08003b2c   0x00000002   Code   RO          302    i.HardFault_Handler  stm32l4xx_it.o
    0x08003b2e   0x08003b2e   0x00000002   PAD
    0x08003b30   0x08003b30   0x0000000c   Code   RO          303    i.I2C3_ER_IRQHandler  stm32l4xx_it.o
    0x08003b3c   0x08003b3c   0x0000000c   Code   RO          304    i.I2C3_EV_IRQHandler  stm32l4xx_it.o
    0x08003b48   0x08003b48   0x00000014   Code   RO         1125    i.I2C_DMAAbort      stm32l4xx_hal_i2c.o
    0x08003b5c   0x08003b5c   0x0000005e   Code   RO         1131    i.I2C_Disable_IRQ   stm32l4xx_hal_i2c.o
    0x08003bba   0x08003bba   0x00000022   Code   RO         1133    i.I2C_Flush_TXDR    stm32l4xx_hal_i2c.o
    0x08003bdc   0x08003bdc   0x0000008c   Code   RO         1134    i.I2C_ITAddrCplt    stm32l4xx_hal_i2c.o
    0x08003c68   0x08003c68   0x000000f4   Code   RO         1135    i.I2C_ITError       stm32l4xx_hal_i2c.o
    0x08003d5c   0x08003d5c   0x00000064   Code   RO         1136    i.I2C_ITListenCplt  stm32l4xx_hal_i2c.o
    0x08003dc0   0x08003dc0   0x00000130   Code   RO         1139    i.I2C_ITSlaveCplt   stm32l4xx_hal_i2c.o
    0x08003ef0   0x08003ef0   0x00000072   Code   RO         1140    i.I2C_ITSlaveSeqCplt  stm32l4xx_hal_i2c.o
    0x08003f62   0x08003f62   0x00000002   PAD
    0x08003f64   0x08003f64   0x00000120   Code   RO         1141    i.I2C_IsErrorOccurred  stm32l4xx_hal_i2c.o
    0x08004084   0x08004084   0x00000120   Code   RO         1149    i.I2C_Slave_ISR_IT  stm32l4xx_hal_i2c.o
    0x080041a4   0x080041a4   0x00000030   Code   RO         1150    i.I2C_TransferConfig  stm32l4xx_hal_i2c.o
    0x080041d4   0x080041d4   0x0000002a   Code   RO         1151    i.I2C_TreatErrorCallback  stm32l4xx_hal_i2c.o
    0x080041fe   0x080041fe   0x00000058   Code   RO         1152    i.I2C_WaitOnFlagUntilTimeout  stm32l4xx_hal_i2c.o
    0x08004256   0x08004256   0x00000002   PAD
    0x08004258   0x08004258   0x0000009c   Code   RO         1153    i.I2C_WaitOnRXNEFlagUntilTimeout  stm32l4xx_hal_i2c.o
    0x080042f4   0x080042f4   0x0000004c   Code   RO         1154    i.I2C_WaitOnSTOPFlagUntilTimeout  stm32l4xx_hal_i2c.o
    0x08004340   0x08004340   0x00000050   Code   RO         1155    i.I2C_WaitOnTXISFlagUntilTimeout  stm32l4xx_hal_i2c.o
    0x08004390   0x08004390   0x0000000c   Code   RO          493    i.LL_ADC_GetOffsetChannel  stm32l4xx_hal_adc.o
    0x0800439c   0x0800439c   0x00000008   Code   RO          494    i.LL_ADC_INJ_IsConversionOngoing  stm32l4xx_hal_adc.o
    0x080043a4   0x080043a4   0x00000008   Code   RO          495    i.LL_ADC_REG_IsConversionOngoing  stm32l4xx_hal_adc.o
    0x080043ac   0x080043ac   0x00000010   Code   RO          496    i.LL_ADC_REG_IsTriggerSourceSWStart  stm32l4xx_hal_adc.o
    0x080043bc   0x080043bc   0x0000001e   Code   RO          498    i.LL_ADC_SetChannelSamplingTime  stm32l4xx_hal_adc.o
    0x080043da   0x080043da   0x00000010   Code   RO          499    i.LL_ADC_SetOffsetState  stm32l4xx_hal_adc.o
    0x080043ea   0x080043ea   0x00000002   PAD
    0x080043ec   0x080043ec   0x00000078   Code   RO           14    i.MX_ADC1_Init      main.o
    0x08004464   0x08004464   0x0000009c   Code   RO           15    i.MX_GPIO_Init      main.o
    0x08004500   0x08004500   0x00000054   Code   RO           16    i.MX_I2C3_Init      main.o
    0x08004554   0x08004554   0x00000038   Code   RO           17    i.MX_USART1_UART_Init  main.o
    0x0800458c   0x0800458c   0x00000038   Code   RO           18    i.MX_USART2_UART_Init  main.o
    0x080045c4   0x080045c4   0x00000002   Code   RO          305    i.MemManage_Handler  stm32l4xx_it.o
    0x080045c6   0x080045c6   0x00000002   Code   RO          306    i.NMI_Handler       stm32l4xx_it.o
    0x080045c8   0x080045c8   0x0000012c   Code   RO         1734    i.RCCEx_PLLSAI1_Config  stm32l4xx_hal_rcc_ex.o
    0x080046f4   0x080046f4   0x0000007c   Code   RO         1615    i.RCC_SetFlashLatencyFromMSIRange  stm32l4xx_hal_rcc.o
    0x08004770   0x08004770   0x000000b0   Code   RO           19    i.StartDefaultTask  main.o
    0x08004820   0x08004820   0x00000130   Code   RO           20    i.StartTask02       main.o
    0x08004950   0x08004950   0x00000028   Code   RO           21    i.StartTask03       main.o
    0x08004978   0x08004978   0x00000064   Code   RO           22    i.StartTask04       main.o
    0x080049dc   0x080049dc   0x00000008   Code   RO           23    i.StartTask05       main.o
    0x080049e4   0x080049e4   0x00000008   Code   RO           24    i.StartTask06       main.o
    0x080049ec   0x080049ec   0x00000018   Code   RO          307    i.SysTick_Handler   stm32l4xx_it.o
    0x08004a04   0x08004a04   0x0000008c   Code   RO           25    i.SystemClock_Config  main.o
    0x08004a90   0x08004a90   0x00000010   Code   RO         3329    i.SystemInit        system_stm32l4xx.o
    0x08004aa0   0x08004aa0   0x000000c8   Code   RO         2895    i.UART_AdvFeatureConfig  stm32l4xx_hal_uart.o
    0x08004b68   0x08004b68   0x0000005c   Code   RO         2896    i.UART_CheckIdleState  stm32l4xx_hal_uart.o
    0x08004bc4   0x08004bc4   0x00000014   Code   RO         2897    i.UART_DMAAbortOnError  stm32l4xx_hal_uart.o
    0x08004bd8   0x08004bd8   0x0000004a   Code   RO         2907    i.UART_EndRxTransfer  stm32l4xx_hal_uart.o
    0x08004c22   0x08004c22   0x00000002   PAD
    0x08004c24   0x08004c24   0x000001dc   Code   RO         2911    i.UART_SetConfig    stm32l4xx_hal_uart.o
    0x08004e00   0x08004e00   0x000000c6   Code   RO         2916    i.UART_WaitOnFlagUntilTimeout  stm32l4xx_hal_uart.o
    0x08004ec6   0x08004ec6   0x00000002   PAD
    0x08004ec8   0x08004ec8   0x0000002c   Code   RO          308    i.USART1_IRQHandler  stm32l4xx_it.o
    0x08004ef4   0x08004ef4   0x0000000c   Code   RO          309    i.USART2_IRQHandler  stm32l4xx_it.o
    0x08004f00   0x08004f00   0x00000002   Code   RO          310    i.UsageFault_Handler  stm32l4xx_it.o
    0x08004f02   0x08004f02   0x00000030   Code   RO         5301    i.__ARM_fpclassify  m_wm.l(fpclassify.o)
    0x08004f32   0x08004f32   0x00000020   Code   RO         2627    i.__NVIC_SetPriority  stm32l4xx_hal_cortex.o
    0x08004f52   0x08004f52   0x00000002   PAD
    0x08004f54   0x08004f54   0x00000124   Code   RO           26    i.main              main.o
    0x08005078   0x08005078   0x0000001e   Code   RO         4508    i.osDelay           cmsis_os2.o
    0x08005096   0x08005096   0x00000002   PAD
    0x08005098   0x08005098   0x00000028   Code   RO         4522    i.osKernelInitialize  cmsis_os2.o
    0x080050c0   0x080050c0   0x00000038   Code   RO         4525    i.osKernelStart     cmsis_os2.o
    0x080050f8   0x080050f8   0x000000b4   Code   RO         4553    i.osSemaphoreNew    cmsis_os2.o
    0x080051ac   0x080051ac   0x000000bc   Code   RO         4567    i.osThreadNew       cmsis_os2.o
    0x08005268   0x08005268   0x00000060   Code   RO         3947    i.prvAddCurrentTaskToDelayedList  tasks.o
    0x080052c8   0x080052c8   0x00000088   Code   RO         3948    i.prvAddNewTaskToReadyList  tasks.o
    0x08005350   0x08005350   0x0000005c   Code   RO         4323    i.prvCheckForValidListAndQueue  timers.o
    0x080053ac   0x080053ac   0x00000040   Code   RO         3949    i.prvCheckTasksWaitingTermination  tasks.o
    0x080053ec   0x080053ec   0x00000024   Code   RO         3534    i.prvCopyDataFromQueue  queue.o
    0x08005410   0x08005410   0x0000006e   Code   RO         3535    i.prvCopyDataToQueue  queue.o
    0x0800547e   0x0800547e   0x00000040   Code   RO         3950    i.prvDeleteTCB      tasks.o
    0x080054be   0x080054be   0x00000014   Code   RO         3536    i.prvGetDisinheritPriorityAfterTimeout  queue.o
    0x080054d2   0x080054d2   0x00000002   PAD
    0x080054d4   0x080054d4   0x00000024   Code   RO         4324    i.prvGetNextExpireTime  timers.o
    0x080054f8   0x080054f8   0x0000004c   Code   RO         5023    i.prvHeapInit       heap_4.o
    0x08005544   0x08005544   0x00000028   Code   RO         3951    i.prvIdleTask       tasks.o
    0x0800556c   0x0800556c   0x00000022   Code   RO         3538    i.prvInitialiseNewQueue  queue.o
    0x0800558e   0x0800558e   0x0000009a   Code   RO         3952    i.prvInitialiseNewTask  tasks.o
    0x08005628   0x08005628   0x00000060   Code   RO         3953    i.prvInitialiseTaskLists  tasks.o
    0x08005688   0x08005688   0x0000005c   Code   RO         5024    i.prvInsertBlockIntoFreeList  heap_4.o
    0x080056e4   0x080056e4   0x00000048   Code   RO         4326    i.prvInsertTimerInActiveList  timers.o
    0x0800572c   0x0800572c   0x0000001a   Code   RO         3539    i.prvIsQueueEmpty   queue.o
    0x08005746   0x08005746   0x0000001e   Code   RO         3540    i.prvIsQueueFull    queue.o
    0x08005764   0x08005764   0x00000068   Code   RO         4327    i.prvProcessExpiredTimer  timers.o
    0x080057cc   0x080057cc   0x00000110   Code   RO         4328    i.prvProcessReceivedCommands  timers.o
    0x080058dc   0x080058dc   0x0000006c   Code   RO         4329    i.prvProcessTimerOrBlockTask  timers.o
    0x08005948   0x08005948   0x00000024   Code   RO         3955    i.prvResetNextTaskUnblockTime  tasks.o
    0x0800596c   0x0800596c   0x0000002c   Code   RO         4330    i.prvSampleTimeNow  timers.o
    0x08005998   0x08005998   0x00000078   Code   RO         4331    i.prvSwitchTimerLists  timers.o
    0x08005a10   0x08005a10   0x00000030   Code   RO         5079    i.prvTaskExitError  port.o
    0x08005a40   0x08005a40   0x00000014   Code   RO         4332    i.prvTimerTask      timers.o
    0x08005a54   0x08005a54   0x00000068   Code   RO         3541    i.prvUnlockQueue    queue.o
    0x08005abc   0x08005abc   0x000000e8   Code   RO         5025    i.pvPortMalloc      heap_4.o
    0x08005ba4   0x08005ba4   0x00000018   Code   RO         3958    i.pvTaskIncrementMutexHeldCount  tasks.o
    0x08005bbc   0x08005bbc   0x0000002c   Code   RO         5080    i.pxPortInitialiseStack  port.o
    0x08005be8   0x08005be8   0x00000026   Code   RO         3494    i.uxListRemove      list.o
    0x08005c0e   0x08005c0e   0x00000002   PAD
    0x08005c10   0x08005c10   0x00000014   Code   RO         4579    i.vApplicationGetIdleTaskMemory  cmsis_os2.o
    0x08005c24   0x08005c24   0x00000018   Code   RO         4580    i.vApplicationGetTimerTaskMemory  cmsis_os2.o
    0x08005c3c   0x08005c3c   0x00000016   Code   RO         3495    i.vListInitialise   list.o
    0x08005c52   0x08005c52   0x00000006   Code   RO         3496    i.vListInitialiseItem  list.o
    0x08005c58   0x08005c58   0x00000036   Code   RO         3497    i.vListInsert       list.o
    0x08005c8e   0x08005c8e   0x00000018   Code   RO         3498    i.vListInsertEnd    list.o
    0x08005ca6   0x08005ca6   0x00000002   PAD
    0x08005ca8   0x08005ca8   0x00000040   Code   RO         5082    i.vPortEnterCritical  port.o
    0x08005ce8   0x08005ce8   0x0000002c   Code   RO         5083    i.vPortExitCritical  port.o
    0x08005d14   0x08005d14   0x00000064   Code   RO         5026    i.vPortFree         heap_4.o
    0x08005d78   0x08005d78   0x00000024   Code   RO         5084    i.vPortSetupTimerInterrupt  port.o
    0x08005d9c   0x08005d9c   0x00000054   Code   RO         5085    i.vPortValidateInterruptPriority  port.o
    0x08005df0   0x08005df0   0x00000028   Code   RO         3547    i.vQueueAddToRegistry  queue.o
    0x08005e18   0x08005e18   0x00000032   Code   RO         3548    i.vQueueDelete      queue.o
    0x08005e4a   0x08005e4a   0x00000002   PAD
    0x08005e4c   0x08005e4c   0x00000028   Code   RO         3550    i.vQueueUnregisterQueue  queue.o
    0x08005e74   0x08005e74   0x0000004a   Code   RO         3551    i.vQueueWaitForMessageRestricted  queue.o
    0x08005ebe   0x08005ebe   0x00000002   PAD
    0x08005ec0   0x08005ec0   0x00000050   Code   RO         3968    i.vTaskDelay        tasks.o
    0x08005f10   0x08005f10   0x00000010   Code   RO         3973    i.vTaskInternalSetTimeOutState  tasks.o
    0x08005f20   0x08005f20   0x0000000c   Code   RO         3974    i.vTaskMissedYield  tasks.o
    0x08005f2c   0x08005f2c   0x00000034   Code   RO         3976    i.vTaskPlaceOnEventList  tasks.o
    0x08005f60   0x08005f60   0x0000003c   Code   RO         3977    i.vTaskPlaceOnEventListRestricted  tasks.o
    0x08005f9c   0x08005f9c   0x00000094   Code   RO         3979    i.vTaskPriorityDisinheritAfterTimeout  tasks.o
    0x08006030   0x08006030   0x00000090   Code   RO         3985    i.vTaskStartScheduler  tasks.o
    0x080060c0   0x080060c0   0x00000010   Code   RO         3987    i.vTaskSuspendAll   tasks.o
    0x080060d0   0x080060d0   0x0000006c   Code   RO         3988    i.vTaskSwitchContext  tasks.o
    0x0800613c   0x0800613c   0x00000104   Code   RO         5086    i.xPortStartScheduler  port.o
    0x08006240   0x08006240   0x0000002c   Code   RO         5087    i.xPortSysTickHandler  port.o
    0x0800626c   0x0800626c   0x0000003c   Code   RO         3552    i.xQueueCreateCountingSemaphore  queue.o
    0x080062a8   0x080062a8   0x00000042   Code   RO         3553    i.xQueueCreateCountingSemaphoreStatic  queue.o
    0x080062ea   0x080062ea   0x00000044   Code   RO         3556    i.xQueueGenericCreate  queue.o
    0x0800632e   0x0800632e   0x00000070   Code   RO         3557    i.xQueueGenericCreateStatic  queue.o
    0x0800639e   0x0800639e   0x00000002   PAD
    0x080063a0   0x080063a0   0x00000090   Code   RO         3558    i.xQueueGenericReset  queue.o
    0x08006430   0x08006430   0x00000170   Code   RO         3559    i.xQueueGenericSend  queue.o
    0x080065a0   0x080065a0   0x000000be   Code   RO         3560    i.xQueueGenericSendFromISR  queue.o
    0x0800665e   0x0800665e   0x000000a0   Code   RO         3563    i.xQueueGiveFromISR  queue.o
    0x080066fe   0x080066fe   0x00000002   PAD
    0x08006700   0x08006700   0x00000148   Code   RO         3569    i.xQueueReceive     queue.o
    0x08006848   0x08006848   0x00000184   Code   RO         3571    i.xQueueSemaphoreTake  queue.o
    0x080069cc   0x080069cc   0x00000080   Code   RO         3990    i.xTaskCheckForTimeOut  tasks.o
    0x08006a4c   0x08006a4c   0x00000072   Code   RO         3991    i.xTaskCreate       tasks.o
    0x08006abe   0x08006abe   0x00000060   Code   RO         3992    i.xTaskCreateStatic  tasks.o
    0x08006b1e   0x08006b1e   0x00000002   PAD
    0x08006b20   0x08006b20   0x0000001c   Code   RO         3996    i.xTaskGetSchedulerState  tasks.o
    0x08006b3c   0x08006b3c   0x0000000c   Code   RO         3997    i.xTaskGetTickCount  tasks.o
    0x08006b48   0x08006b48   0x000000cc   Code   RO         3999    i.xTaskIncrementTick  tasks.o
    0x08006c14   0x08006c14   0x00000080   Code   RO         4002    i.xTaskPriorityDisinherit  tasks.o
    0x08006c94   0x08006c94   0x00000080   Code   RO         4003    i.xTaskPriorityInherit  tasks.o
    0x08006d14   0x08006d14   0x00000078   Code   RO         4004    i.xTaskRemoveFromEventList  tasks.o
    0x08006d8c   0x08006d8c   0x000000cc   Code   RO         4005    i.xTaskResumeAll    tasks.o
    0x08006e58   0x08006e58   0x00000068   Code   RO         4341    i.xTimerCreateTimerTask  timers.o
    0x08006ec0   0x08006ec0   0x00000074   Code   RO         4342    i.xTimerGenericCommand  timers.o
    0x08006f34   0x08006f34   0x0000002c   Code   RO         5297    locale$$code        c_w.l(lc_numeric_c.o)
    0x08006f60   0x08006f60   0x00000062   Code   RO         5202    x$fpl$d2f           fz_wm.l(d2f.o)
    0x08006fc2   0x08006fc2   0x00000026   Code   RO         5204    x$fpl$dfltu         fz_wm.l(dflt_clz.o)
    0x08006fe8   0x08006fe8   0x00000154   Code   RO         5210    x$fpl$dmul          fz_wm.l(dmul.o)
    0x0800713c   0x0800713c   0x0000009c   Code   RO         5234    x$fpl$dnaninf       fz_wm.l(dnaninf.o)
    0x080071d8   0x080071d8   0x0000000c   Code   RO         5236    x$fpl$dretinf       fz_wm.l(dretinf.o)
    0x080071e4   0x080071e4   0x00000056   Code   RO         5212    x$fpl$f2d           fz_wm.l(f2d.o)
    0x0800723a   0x0800723a   0x0000008c   Code   RO         5238    x$fpl$fnaninf       fz_wm.l(fnaninf.o)
    0x080072c6   0x080072c6   0x0000000a   Code   RO         5377    x$fpl$fpinit        fz_wm.l(fpinit.o)
    0x080072d0   0x080072d0   0x0000000a   Code   RO         5240    x$fpl$fretinf       fz_wm.l(fretinf.o)
    0x080072da   0x080072da   0x00000004   Code   RO         5214    x$fpl$printf1       fz_wm.l(printf1.o)
    0x080072de   0x080072de   0x00000000   Code   RO         5242    x$fpl$usenofp       fz_wm.l(usenofp.o)
    0x080072de   0x080072de   0x00000002   PAD
    0x080072e0   0x080072e0   0x000000e8   Data   RO           31    .constdata          main.o
    0x080073c8   0x080073c8   0x00000040   Data   RO         3330    .constdata          system_stm32l4xx.o
    0x08007408   0x08007408   0x00000008   Data   RO         3331    .constdata          system_stm32l4xx.o
    0x08007410   0x08007410   0x00000094   Data   RO         5272    .constdata          c_w.l(bigflt0.o)
    0x080074a4   0x080074a4   0x0000005c   Data   RO           32    .conststring        main.o
    0x08007500   0x08007500   0x00000020   Data   RO         5446    Region$$Table       anon$$obj.o
    0x08007520   0x08007520   0x0000001c   Data   RO         5296    locale$$data        c_w.l(lc_numeric_c.o)


    Execution Region RW_IRAM2 (Exec base: 0x10000000, Load base: 0x08007610, Size: 0x00000000, Max: 0x00004000, ABSOLUTE)

    **** No section assigned to this execution region ****


    Execution Region RW_IRAM1 (Exec base: 0x20000000, Load base: 0x0800753c, Size: 0x00002248, Max: 0x0000c000, ABSOLUTE)

    Exec Addr    Load Addr    Size         Type   Attr      Idx    E Section Name        Object

    0x20000000   0x0800753c   0x00000038   Data   RW           33    .data               main.o
    0x20000038   0x08007574   0x0000000c   Data   RW          311    .data               stm32l4xx_it.o
    0x20000044   0x08007580   0x0000000c   Data   RW          901    .data               stm32l4xx_hal.o
    0x20000050   0x0800758c   0x00000004   Data   RW         3332    .data               system_stm32l4xx.o
    0x20000054   0x08007590   0x0000003c   Data   RW         4008    .data               tasks.o
    0x20000090   0x080075cc   0x00000014   Data   RW         4350    .data               timers.o
    0x200000a4   0x080075e0   0x00000004   Data   RW         4582    .data               cmsis_os2.o
    0x200000a8   0x080075e4   0x00000020   Data   RW         5032    .data               heap_4.o
    0x200000c8   0x08007604   0x0000000c   Data   RW         5088    .data               port.o
    0x200000d4        -       0x00000288   Zero   RW           29    .bss                main.o
    0x2000035c        -       0x00000040   Zero   RW         3573    .bss                queue.o
    0x2000039c        -       0x000004c4   Zero   RW         4007    .bss                tasks.o
    0x20000860        -       0x00000118   Zero   RW         4349    .bss                timers.o
    0x20000978        -       0x000006b8   Zero   RW         4581    .bss                cmsis_os2.o
    0x20001030        -       0x00000bb8   Zero   RW         5031    .bss                heap_4.o
    0x20001be8        -       0x00000060   Zero   RW         5304    .bss                c_w.l(libspace.o)
    0x20001c48        -       0x00000200   Zero   RW            2    HEAP                startup_stm32l432xx.o
    0x20001e48        -       0x00000400   Zero   RW            1    STACK               startup_stm32l432xx.o


==============================================================================

Image component sizes


      Code (inc. data)   RO Data    RW Data    ZI Data      Debug   Object Name

       538         24          0          4       1720      62682   cmsis_os2.o
         0          0          0          0          0      19428   event_groups.o
       500         30          0         32       3000       4983   heap_4.o
       144          0          0          0          0       3558   list.o
      1544        198        324         56        648     685090   main.o
       846         92          0         12          0      11601   port.o
      2448         34          0          0         64      26185   queue.o
        64         26        396          0       1536        840   startup_stm32l432xx.o
       162         24          0         12          0      11545   stm32l4xx_hal.o
      2454        100          0          0          0      64493   stm32l4xx_hal_adc.o
        10          0          0          0          0       3421   stm32l4xx_hal_adc_ex.o
       198         14          0          0          0      33815   stm32l4xx_hal_cortex.o
       158          0          0          0          0       2358   stm32l4xx_hal_dma.o
       524         20          0          0          0       2256   stm32l4xx_hal_gpio.o
      3028         72          0          0          0      23534   stm32l4xx_hal_i2c.o
       168          0          0          0          0       1899   stm32l4xx_hal_i2c_ex.o
       724         42          0          0          0       3453   stm32l4xx_hal_msp.o
        16          4          0          0          0        543   stm32l4xx_hal_pwr.o
       120         20          0          0          0       1358   stm32l4xx_hal_pwr_ex.o
      2060         98          0          0          0       6960   stm32l4xx_hal_rcc.o
       966         36          0          0          0       3433   stm32l4xx_hal_rcc_ex.o
      2264         56          0          0          0      12562   stm32l4xx_hal_uart.o
         2          0          0          0          0       1004   stm32l4xx_hal_uart_ex.o
       328         64          0         12          0       8162   stm32l4xx_it.o
         0          0          0          0          0        392   stream_buffer.o
        16          4         72          4          0       1173   system_stm32l4xx.o
      2508        218          0         60       1220      30403   tasks.o
      1088         94          0         20        280      30559   timers.o

    ----------------------------------------------------------------------
     22940       1270        824        212       8468    1057690   Object Totals
         0          0         32          0          0          0   (incl. Generated)
        62          0          0          0          0          0   (incl. Padding)

    ----------------------------------------------------------------------

      Code (inc. data)   RO Data    RW Data    ZI Data      Debug   Library Member Name

         8          0          0          0          0         68   __main.o
       104          0          0          0          0         84   __printf.o
         0          0          0          0          0          0   __rtentry.o
        12          0          0          0          0          0   __rtentry2.o
         6          0          0          0          0          0   __rtentry4.o
        52          8          0          0          0          0   __scatter.o
        26          0          0          0          0          0   __scatter_copy.o
        28          0          0          0          0          0   __scatter_zi.o
        48          6          0          0          0         96   _printf_char_common.o
         6          0          0          0          0          0   _printf_d.o
       120         16          0          0          0         92   _printf_dec.o
         6          0          0          0          0          0   _printf_f.o
      1060          0          0          0          0        216   _printf_fp_dec.o
       128         16          0          0          0         84   _printf_fp_infnan.o
       178          0          0          0          0         88   _printf_intcommon.o
         0          0          0          0          0          0   _printf_percent.o
         4          0          0          0          0          0   _printf_percent_end.o
        10          0          0          0          0         68   _sputc.o
        16          0          0          0          0         68   aeabi_memset.o
       228          4        148          0          0         96   bigflt0.o
      1936        128          0          0          0        672   btod.o
        18          0          0          0          0         80   exit.o
         6          0          0          0          0        152   heapauxi.o
         0          0          0          0          0          0   indicate_semi.o
        44         10         28          0          0         76   lc_numeric_c.o
         2          0          0          0          0          0   libinit.o
        22          0          0          0          0          0   libinit2.o
         2          0          0          0          0          0   libshutdown.o
         2          0          0          0          0          0   libshutdown2.o
         8          4          0          0         96         68   libspace.o
       138          0          0          0          0         80   lludiv10.o
       238          0          0          0          0        100   lludivv7m.o
        40          6          0          0          0         84   noretval__2sprintf.o
         8          4          0          0          0         68   rt_locale_intlibspace.o
        68          0          0          0          0         68   rt_memclr.o
        78          0          0          0          0         80   rt_memclr_w.o
       138          0          0          0          0         68   rt_memcpy_v6.o
       100          0          0          0          0         80   rt_memcpy_w.o
         2          0          0          0          0          0   rtexit.o
        10          0          0          0          0          0   rtexit2.o
       128          0          0          0          0         68   strcmpv7m.o
        12          4          0          0          0         68   sys_exit.o
        74          0          0          0          0         80   sys_stackheap_outer.o
         2          0          0          0          0         68   use_no_semi.o
        98          4          0          0          0        140   d2f.o
        38          0          0          0          0        116   dflt_clz.o
       340         12          0          0          0        152   dmul.o
       156          4          0          0          0        140   dnaninf.o
        12          0          0          0          0        116   dretinf.o
        86          4          0          0          0        132   f2d.o
       140          4          0          0          0        132   fnaninf.o
        10          0          0          0          0        116   fpinit.o
        10          0          0          0          0        116   fretinf.o
         4          0          0          0          0        116   printf1.o
         0          0          0          0          0          0   usenofp.o
        48          0          0          0          0        124   fpclassify.o

    ----------------------------------------------------------------------
      6072        234        176          0         96       4320   Library Totals
        14          0          0          0          0          0   (incl. Padding)

    ----------------------------------------------------------------------

      Code (inc. data)   RO Data    RW Data    ZI Data      Debug   Library Name

      5116        206        176          0         96       2920   c_w.l
       894         28          0          0          0       1276   fz_wm.l
        48          0          0          0          0        124   m_wm.l

    ----------------------------------------------------------------------
      6072        234        176          0         96       4320   Library Totals

    ----------------------------------------------------------------------

==============================================================================


      Code (inc. data)   RO Data    RW Data    ZI Data      Debug   

     29012       1504       1000        212       8564    1039598   Grand Totals
     29012       1504       1000        212       8564    1039598   ELF Image Totals
     29012       1504       1000        212          0          0   ROM Totals

==============================================================================

    Total RO  Size (Code + RO Data)                30012 (  29.31kB)
    Total RW  Size (RW Data + ZI Data)              8776 (   8.57kB)
    Total ROM Size (Code + RO Data + RW Data)      30224 (  29.52kB)

==============================================================================

